ARM Linker, 5.03 [Build 76] [MDK-ARM Lite]

==============================================================================

Section Cross References

    startup_stm32f40_41xxx.o(STACK) refers (Special) to heapauxi.o(.text) for __use_two_region_memory
    startup_stm32f40_41xxx.o(HEAP) refers (Special) to heapauxi.o(.text) for __use_two_region_memory
    startup_stm32f40_41xxx.o(RESET) refers (Special) to heapauxi.o(.text) for __use_two_region_memory
    startup_stm32f40_41xxx.o(RESET) refers to startup_stm32f40_41xxx.o(STACK) for __initial_sp
    startup_stm32f40_41xxx.o(RESET) refers to startup_stm32f40_41xxx.o(.text) for Reset_Handler
    startup_stm32f40_41xxx.o(RESET) refers to main.o(i.EXTI3_IRQHandler) for EXTI3_IRQHandler
    startup_stm32f40_41xxx.o(RESET) refers to usart.o(i.USART1_IRQHandler) for USART1_IRQHandler
    startup_stm32f40_41xxx.o(.text) refers (Special) to heapauxi.o(.text) for __use_two_region_memory
    startup_stm32f40_41xxx.o(.text) refers to __main.o(!!!main) for __main
    startup_stm32f40_41xxx.o(.text) refers to startup_stm32f40_41xxx.o(HEAP) for Heap_Mem
    startup_stm32f40_41xxx.o(.text) refers to startup_stm32f40_41xxx.o(STACK) for Stack_Mem
    main.o(i.EXTI3_IRQHandler) refers to main.o(i.USARTSend) for USARTSend
    main.o(i.EXTI3_IRQHandler) refers to w5500.o(i.W5500_Interrupt_Process) for W5500_Interrupt_Process
    main.o(i.EXTI3_IRQHandler) refers to main.o(.data) for ETH_Interrupt_Count
    main.o(i.Load_Net_Parameters) refers to w5500.o(.data) for Gateway_IP
    main.o(i.Process_Socket_Data) refers to w5500.o(i.Read_SOCK_Data_Buffer) for Read_SOCK_Data_Buffer
    main.o(i.Process_Socket_Data) refers to rt_memcpy_v6.o(.text) for __aeabi_memcpy
    main.o(i.Process_Socket_Data) refers to w5500.o(i.Write_SOCK_Data_Buffer) for Write_SOCK_Data_Buffer
    main.o(i.Process_Socket_Data) refers to w5500.o(.bss) for Rx_Buffer
    main.o(i.Process_Socket_Data) refers to w5500.o(.data) for UDP_DIPR
    main.o(i.ResetFPGA) refers to main.o(i.Dealy) for Dealy
    main.o(i.Send_ETH_Data) refers to w5500.o(i.Write_SOCK_Data_Buffer) for Write_SOCK_Data_Buffer
    main.o(i.StartOneTestCircle) refers to main.o(i.ResetFPGA) for ResetFPGA
    main.o(i.StartOneTestCircle) refers to main.o(i.Dealy) for Dealy
    main.o(i.StartOneTestCircle) refers to main.o(i.SPI_WR) for SPI_WR
    main.o(i.StartOneTestCircle) refers to main.o(i.USARTSend) for USARTSend
    main.o(i.StartOneTestCircle) refers to main.o(.data) for SPI_Command
    main.o(i.W5500_Initialization) refers to w5500.o(i.W5500_Init) for W5500_Init
    main.o(i.W5500_Initialization) refers to w5500.o(i.Detect_Gateway) for Detect_Gateway
    main.o(i.W5500_Initialization) refers to w5500.o(i.Socket_Init) for Socket_Init
    main.o(i.W5500_Socket_Set) refers to w5500.o(i.Socket_Listen) for Socket_Listen
    main.o(i.W5500_Socket_Set) refers to w5500.o(i.Socket_Connect) for Socket_Connect
    main.o(i.W5500_Socket_Set) refers to w5500.o(i.Socket_UDP) for Socket_UDP
    main.o(i.W5500_Socket_Set) refers to w5500.o(.data) for S0_State
    main.o(i.main) refers to sys.o(i.Stm32_Clock_Init) for Stm32_Clock_Init
    main.o(i.main) refers to delay.o(i.delay_init) for delay_init
    main.o(i.main) refers to usart.o(i.uart_init) for uart_init
    main.o(i.main) refers to main.o(i.SPIInit) for SPIInit
    main.o(i.main) refers to main.o(i.PortDInit) for PortDInit
    main.o(i.main) refers to main.o(i.ResetFPGA) for ResetFPGA
    main.o(i.main) refers to main.o(i.PortEInit) for PortEInit
    main.o(i.main) refers to main.o(i.Load_Net_Parameters) for Load_Net_Parameters
    main.o(i.main) refers to w5500.o(i.W5500_Hardware_Reset) for W5500_Hardware_Reset
    main.o(i.main) refers to main.o(i.W5500_Initialization) for W5500_Initialization
    main.o(i.main) refers to main.o(i.W5500_Socket_Set) for W5500_Socket_Set
    main.o(i.main) refers to main.o(i.Send_ETH_Data) for Send_ETH_Data
    main.o(i.main) refers to w5500.o(.bss) for Rx_Buffer
    main.o(i.main) refers to main.o(.data) for ETH_Receive_Data_Number
    delay.o(i.delay_init) refers to delay.o(.data) for fac_us
    delay.o(i.delay_ms) refers to delay.o(i.delay_xms) for delay_xms
    delay.o(i.delay_us) refers to delay.o(.data) for fac_us
    delay.o(i.delay_xms) refers to delay.o(.data) for fac_ms
    sys.o(i.MY_NVIC_Init) refers to sys.o(i.MY_NVIC_PriorityGroupConfig) for MY_NVIC_PriorityGroupConfig
    sys.o(i.Stm32_Clock_Init) refers to sys.o(i.Sys_Clock_Set) for Sys_Clock_Set
    sys.o(i.Stm32_Clock_Init) refers to sys.o(i.MY_NVIC_SetVectorTable) for MY_NVIC_SetVectorTable
    sys.o(i.Sys_Standby) refers to sys.o(.emb_text) for WFI_SET
    usart.o(.rev16_text) refers (Special) to use_no_semi_2.o(.text) for __use_no_semihosting
    usart.o(.revsh_text) refers (Special) to use_no_semi_2.o(.text) for __use_no_semihosting
    usart.o(i.USART1_IRQHandler) refers (Special) to use_no_semi_2.o(.text) for __use_no_semihosting
    usart.o(i.USART1_IRQHandler) refers to main.o(i.USARTSend) for USARTSend
    usart.o(i.USART1_IRQHandler) refers to main.o(.data) for StartOneTestCircleFlag
    usart.o(i.USART1_IRQHandler) refers to usart.o(.data) for USART_RX_STA
    usart.o(i.USART1_IRQHandler) refers to usart.o(.bss) for USART_RX_BUF
    usart.o(i._sys_exit) refers (Special) to use_no_semi_2.o(.text) for __use_no_semihosting
    usart.o(i.fputc) refers (Special) to use_no_semi_2.o(.text) for __use_no_semihosting
    usart.o(i.uart_init) refers (Special) to use_no_semi_2.o(.text) for __use_no_semihosting
    usart.o(i.uart_init) refers to sys.o(i.GPIO_Set) for GPIO_Set
    usart.o(i.uart_init) refers to sys.o(i.GPIO_AF_Set) for GPIO_AF_Set
    usart.o(i.uart_init) refers to sys.o(i.MY_NVIC_Init) for MY_NVIC_Init
    usart.o(.bss) refers (Special) to use_no_semi_2.o(.text) for __use_no_semihosting
    usart.o(.data) refers (Special) to use_no_semi_2.o(.text) for __use_no_semihosting
    w5500.o(i.Detect_Gateway) refers to w5500.o(i.Write_W5500_SOCK_4Byte) for Write_W5500_SOCK_4Byte
    w5500.o(i.Detect_Gateway) refers to w5500.o(i.Write_W5500_SOCK_1Byte) for Write_W5500_SOCK_1Byte
    w5500.o(i.Detect_Gateway) refers to delay.o(i.delay_ms) for delay_ms
    w5500.o(i.Detect_Gateway) refers to w5500.o(i.Read_W5500_SOCK_1Byte) for Read_W5500_SOCK_1Byte
    w5500.o(i.Detect_Gateway) refers to w5500.o(.data) for IP_Addr
    w5500.o(i.Read_SOCK_Data_Buffer) refers to w5500.o(i.Read_W5500_SOCK_2Byte) for Read_W5500_SOCK_2Byte
    w5500.o(i.Read_SOCK_Data_Buffer) refers to w5500.o(i.SPI_Send_Short) for SPI_Send_Short
    w5500.o(i.Read_SOCK_Data_Buffer) refers to w5500.o(i.SPI_Send_Byte) for SPI_Send_Byte
    w5500.o(i.Read_SOCK_Data_Buffer) refers to w5500.o(i.SPI_Read_Byte) for SPI_Read_Byte
    w5500.o(i.Read_SOCK_Data_Buffer) refers to w5500.o(i.Write_W5500_SOCK_2Byte) for Write_W5500_SOCK_2Byte
    w5500.o(i.Read_SOCK_Data_Buffer) refers to w5500.o(i.Write_W5500_SOCK_1Byte) for Write_W5500_SOCK_1Byte
    w5500.o(i.Read_W5500_1Byte) refers to w5500.o(i.SPI_Send_Short) for SPI_Send_Short
    w5500.o(i.Read_W5500_1Byte) refers to w5500.o(i.SPI_Send_Byte) for SPI_Send_Byte
    w5500.o(i.Read_W5500_1Byte) refers to w5500.o(i.SPI_Read_Byte) for SPI_Read_Byte
    w5500.o(i.Read_W5500_SOCK_1Byte) refers to w5500.o(i.SPI_Send_Short) for SPI_Send_Short
    w5500.o(i.Read_W5500_SOCK_1Byte) refers to w5500.o(i.SPI_Send_Byte) for SPI_Send_Byte
    w5500.o(i.Read_W5500_SOCK_1Byte) refers to w5500.o(i.SPI_Read_Byte) for SPI_Read_Byte
    w5500.o(i.Read_W5500_SOCK_2Byte) refers to w5500.o(i.SPI_Send_Short) for SPI_Send_Short
    w5500.o(i.Read_W5500_SOCK_2Byte) refers to w5500.o(i.SPI_Send_Byte) for SPI_Send_Byte
    w5500.o(i.Read_W5500_SOCK_2Byte) refers to w5500.o(i.SPI_Read_Byte) for SPI_Read_Byte
    w5500.o(i.Receive_ETH_Data) refers to w5500.o(i.Read_SOCK_Data_Buffer) for Read_SOCK_Data_Buffer
    w5500.o(i.Receive_ETH_Data) refers to w5500.o(.bss) for Rx_Buffer
    w5500.o(i.Receive_ETH_Data) refers to w5500.o(.data) for UDP_DIPR
    w5500.o(i.SPI_Send_Short) refers to w5500.o(i.SPI_Send_Byte) for SPI_Send_Byte
    w5500.o(i.Socket_Connect) refers to w5500.o(i.Write_W5500_SOCK_1Byte) for Write_W5500_SOCK_1Byte
    w5500.o(i.Socket_Connect) refers to delay.o(i.delay_ms) for delay_ms
    w5500.o(i.Socket_Connect) refers to w5500.o(i.Read_W5500_SOCK_1Byte) for Read_W5500_SOCK_1Byte
    w5500.o(i.Socket_Init) refers to w5500.o(i.Write_W5500_SOCK_2Byte) for Write_W5500_SOCK_2Byte
    w5500.o(i.Socket_Init) refers to w5500.o(.data) for S0_Port
    w5500.o(i.Socket_Listen) refers to w5500.o(i.Write_W5500_SOCK_1Byte) for Write_W5500_SOCK_1Byte
    w5500.o(i.Socket_Listen) refers to delay.o(i.delay_ms) for delay_ms
    w5500.o(i.Socket_Listen) refers to w5500.o(i.Read_W5500_SOCK_1Byte) for Read_W5500_SOCK_1Byte
    w5500.o(i.Socket_UDP) refers to w5500.o(i.Write_W5500_SOCK_1Byte) for Write_W5500_SOCK_1Byte
    w5500.o(i.Socket_UDP) refers to delay.o(i.delay_ms) for delay_ms
    w5500.o(i.Socket_UDP) refers to w5500.o(i.Read_W5500_SOCK_1Byte) for Read_W5500_SOCK_1Byte
    w5500.o(i.W5500_Hardware_Reset) refers to delay.o(i.delay_ms) for delay_ms
    w5500.o(i.W5500_Hardware_Reset) refers to w5500.o(i.Read_W5500_1Byte) for Read_W5500_1Byte
    w5500.o(i.W5500_Init) refers to w5500.o(i.Write_W5500_1Byte) for Write_W5500_1Byte
    w5500.o(i.W5500_Init) refers to delay.o(i.delay_ms) for delay_ms
    w5500.o(i.W5500_Init) refers to w5500.o(i.Write_W5500_nByte) for Write_W5500_nByte
    w5500.o(i.W5500_Init) refers to w5500.o(i.Write_W5500_SOCK_1Byte) for Write_W5500_SOCK_1Byte
    w5500.o(i.W5500_Init) refers to w5500.o(i.Write_W5500_2Byte) for Write_W5500_2Byte
    w5500.o(i.W5500_Init) refers to w5500.o(.data) for Gateway_IP
    w5500.o(i.W5500_Interrupt_Process) refers to w5500.o(i.Read_W5500_1Byte) for Read_W5500_1Byte
    w5500.o(i.W5500_Interrupt_Process) refers to w5500.o(i.Read_W5500_SOCK_1Byte) for Read_W5500_SOCK_1Byte
    w5500.o(i.W5500_Interrupt_Process) refers to w5500.o(i.Write_W5500_SOCK_1Byte) for Write_W5500_SOCK_1Byte
    w5500.o(i.W5500_Interrupt_Process) refers to w5500.o(i.Socket_Init) for Socket_Init
    w5500.o(i.W5500_Interrupt_Process) refers to w5500.o(i.Receive_ETH_Data) for Receive_ETH_Data
    w5500.o(i.W5500_Interrupt_Process) refers to w5500.o(.data) for S0_State
    w5500.o(i.W5500_Interrupt_Process) refers to main.o(.data) for ETH_Receive_Data_Number
    w5500.o(i.Write_SOCK_Data_Buffer) refers to w5500.o(i.Read_W5500_SOCK_1Byte) for Read_W5500_SOCK_1Byte
    w5500.o(i.Write_SOCK_Data_Buffer) refers to w5500.o(i.Write_W5500_SOCK_4Byte) for Write_W5500_SOCK_4Byte
    w5500.o(i.Write_SOCK_Data_Buffer) refers to w5500.o(i.Write_W5500_SOCK_2Byte) for Write_W5500_SOCK_2Byte
    w5500.o(i.Write_SOCK_Data_Buffer) refers to w5500.o(i.Read_W5500_SOCK_2Byte) for Read_W5500_SOCK_2Byte
    w5500.o(i.Write_SOCK_Data_Buffer) refers to w5500.o(i.SPI_Send_Short) for SPI_Send_Short
    w5500.o(i.Write_SOCK_Data_Buffer) refers to w5500.o(i.SPI_Send_Byte) for SPI_Send_Byte
    w5500.o(i.Write_SOCK_Data_Buffer) refers to w5500.o(i.Write_W5500_SOCK_1Byte) for Write_W5500_SOCK_1Byte
    w5500.o(i.Write_SOCK_Data_Buffer) refers to w5500.o(.data) for UDP_DIPR
    w5500.o(i.Write_W5500_1Byte) refers to w5500.o(i.SPI_Send_Short) for SPI_Send_Short
    w5500.o(i.Write_W5500_1Byte) refers to w5500.o(i.SPI_Send_Byte) for SPI_Send_Byte
    w5500.o(i.Write_W5500_2Byte) refers to w5500.o(i.SPI_Send_Short) for SPI_Send_Short
    w5500.o(i.Write_W5500_2Byte) refers to w5500.o(i.SPI_Send_Byte) for SPI_Send_Byte
    w5500.o(i.Write_W5500_SOCK_1Byte) refers to w5500.o(i.SPI_Send_Short) for SPI_Send_Short
    w5500.o(i.Write_W5500_SOCK_1Byte) refers to w5500.o(i.SPI_Send_Byte) for SPI_Send_Byte
    w5500.o(i.Write_W5500_SOCK_2Byte) refers to w5500.o(i.SPI_Send_Short) for SPI_Send_Short
    w5500.o(i.Write_W5500_SOCK_2Byte) refers to w5500.o(i.SPI_Send_Byte) for SPI_Send_Byte
    w5500.o(i.Write_W5500_SOCK_4Byte) refers to w5500.o(i.SPI_Send_Short) for SPI_Send_Short
    w5500.o(i.Write_W5500_SOCK_4Byte) refers to w5500.o(i.SPI_Send_Byte) for SPI_Send_Byte
    w5500.o(i.Write_W5500_nByte) refers to w5500.o(i.SPI_Send_Short) for SPI_Send_Short
    w5500.o(i.Write_W5500_nByte) refers to w5500.o(i.SPI_Send_Byte) for SPI_Send_Byte
    use_no_semi_2.o(.text) refers (Special) to use_no_semi.o(.text) for __use_no_semihosting_swi
    rt_memcpy_v6.o(.text) refers to rt_memcpy_w.o(.text) for __aeabi_memcpy4
    __main.o(!!!main) refers to rtentry.o(.ARM.Collect$$rtentry$$00000000) for __rt_entry
    rtentry.o(.ARM.Collect$$rtentry$$00000000) refers (Special) to rtentry2.o(.ARM.Collect$$rtentry$$0000000A) for __rt_entry_li
    rtentry.o(.ARM.Collect$$rtentry$$00000000) refers (Special) to rtentry2.o(.ARM.Collect$$rtentry$$0000000D) for __rt_entry_main
    rtentry.o(.ARM.Collect$$rtentry$$00000000) refers (Special) to rtentry2.o(.ARM.Collect$$rtentry$$0000000C) for __rt_entry_postli_1
    rtentry.o(.ARM.Collect$$rtentry$$00000000) refers (Special) to rtentry2.o(.ARM.Collect$$rtentry$$00000009) for __rt_entry_postsh_1
    rtentry.o(.ARM.Collect$$rtentry$$00000000) refers (Special) to rtentry2.o(.ARM.Collect$$rtentry$$00000002) for __rt_entry_presh_1
    rtentry.o(.ARM.Collect$$rtentry$$00000000) refers (Special) to rtentry4.o(.ARM.Collect$$rtentry$$00000004) for __rt_entry_sh
    rtentry2.o(.ARM.Collect$$rtentry$$00000008) refers to boardinit2.o(.text) for _platform_post_stackheap_init
    rtentry2.o(.ARM.Collect$$rtentry$$0000000A) refers to libinit.o(.ARM.Collect$$libinit$$00000000) for __rt_lib_init
    rtentry2.o(.ARM.Collect$$rtentry$$0000000B) refers to boardinit3.o(.text) for _platform_post_lib_init
    rtentry2.o(.ARM.Collect$$rtentry$$0000000D) refers to main.o(i.main) for main
    rtentry2.o(.ARM.Collect$$rtentry$$0000000D) refers to exit.o(.text) for exit
    rtentry2.o(.ARM.exidx) refers to rtentry2.o(.ARM.Collect$$rtentry$$00000001) for .ARM.Collect$$rtentry$$00000001
    rtentry2.o(.ARM.exidx) refers to rtentry2.o(.ARM.Collect$$rtentry$$00000008) for .ARM.Collect$$rtentry$$00000008
    rtentry2.o(.ARM.exidx) refers to rtentry2.o(.ARM.Collect$$rtentry$$0000000A) for .ARM.Collect$$rtentry$$0000000A
    rtentry2.o(.ARM.exidx) refers to rtentry2.o(.ARM.Collect$$rtentry$$0000000B) for .ARM.Collect$$rtentry$$0000000B
    rtentry2.o(.ARM.exidx) refers to rtentry2.o(.ARM.Collect$$rtentry$$0000000D) for .ARM.Collect$$rtentry$$0000000D
    rtentry4.o(.ARM.Collect$$rtentry$$00000004) refers to sys_stackheap_outer.o(.text) for __user_setup_stackheap
    rtentry4.o(.ARM.exidx) refers to rtentry4.o(.ARM.Collect$$rtentry$$00000004) for .ARM.Collect$$rtentry$$00000004
    sys_stackheap_outer.o(.text) refers to libspace.o(.text) for __user_perproc_libspace
    sys_stackheap_outer.o(.text) refers to startup_stm32f40_41xxx.o(.text) for __user_initial_stackheap
    exit.o(.text) refers to rtexit.o(.ARM.Collect$$rtexit$$00000000) for __rt_exit
    libinit.o(.ARM.Collect$$libinit$$00000000) refers (Special) to libinit2.o(.ARM.Collect$$libinit$$0000002C) for __rt_lib_init_alloca_1
    libinit.o(.ARM.Collect$$libinit$$00000000) refers (Special) to libinit2.o(.ARM.Collect$$libinit$$0000002A) for __rt_lib_init_argv_1
    libinit.o(.ARM.Collect$$libinit$$00000000) refers (Special) to libinit2.o(.ARM.Collect$$libinit$$00000019) for __rt_lib_init_atexit_1
    libinit.o(.ARM.Collect$$libinit$$00000000) refers (Special) to libinit2.o(.ARM.Collect$$libinit$$0000001F) for __rt_lib_init_clock_1
    libinit.o(.ARM.Collect$$libinit$$00000000) refers (Special) to libinit2.o(.ARM.Collect$$libinit$$00000030) for __rt_lib_init_cpp_1
    libinit.o(.ARM.Collect$$libinit$$00000000) refers (Special) to libinit2.o(.ARM.Collect$$libinit$$0000002E) for __rt_lib_init_exceptions_1
    libinit.o(.ARM.Collect$$libinit$$00000000) refers (Special) to libinit2.o(.ARM.Collect$$libinit$$00000001) for __rt_lib_init_fp_1
    libinit.o(.ARM.Collect$$libinit$$00000000) refers (Special) to libinit2.o(.ARM.Collect$$libinit$$0000001D) for __rt_lib_init_fp_trap_1
    libinit.o(.ARM.Collect$$libinit$$00000000) refers (Special) to libinit2.o(.ARM.Collect$$libinit$$00000021) for __rt_lib_init_getenv_1
    libinit.o(.ARM.Collect$$libinit$$00000000) refers (Special) to libinit2.o(.ARM.Collect$$libinit$$00000008) for __rt_lib_init_heap_1
    libinit.o(.ARM.Collect$$libinit$$00000000) refers (Special) to libinit2.o(.ARM.Collect$$libinit$$0000000F) for __rt_lib_init_lc_collate_1
    libinit.o(.ARM.Collect$$libinit$$00000000) refers (Special) to libinit2.o(.ARM.Collect$$libinit$$00000011) for __rt_lib_init_lc_ctype_1
    libinit.o(.ARM.Collect$$libinit$$00000000) refers (Special) to libinit2.o(.ARM.Collect$$libinit$$00000013) for __rt_lib_init_lc_monetary_1
    libinit.o(.ARM.Collect$$libinit$$00000000) refers (Special) to libinit2.o(.ARM.Collect$$libinit$$00000015) for __rt_lib_init_lc_numeric_1
    libinit.o(.ARM.Collect$$libinit$$00000000) refers (Special) to libinit2.o(.ARM.Collect$$libinit$$00000017) for __rt_lib_init_lc_time_1
    libinit.o(.ARM.Collect$$libinit$$00000000) refers (Special) to libinit2.o(.ARM.Collect$$libinit$$0000000C) for __rt_lib_init_rand_1
    libinit.o(.ARM.Collect$$libinit$$00000000) refers (Special) to libinit2.o(.ARM.Collect$$libinit$$00000031) for __rt_lib_init_return
    libinit.o(.ARM.Collect$$libinit$$00000000) refers (Special) to libinit2.o(.ARM.Collect$$libinit$$0000001B) for __rt_lib_init_signal_1
    libinit.o(.ARM.Collect$$libinit$$00000000) refers (Special) to libinit2.o(.ARM.Collect$$libinit$$00000023) for __rt_lib_init_stdio_1
    libinit.o(.ARM.Collect$$libinit$$00000000) refers (Special) to libinit2.o(.ARM.Collect$$libinit$$0000000A) for __rt_lib_init_user_alloc_1
    libspace.o(.text) refers to libspace.o(.bss) for __libspace_start
    rtexit.o(.ARM.Collect$$rtexit$$00000000) refers (Special) to rtexit2.o(.ARM.Collect$$rtexit$$00000004) for __rt_exit_exit
    rtexit.o(.ARM.Collect$$rtexit$$00000000) refers (Special) to rtexit2.o(.ARM.Collect$$rtexit$$00000003) for __rt_exit_ls
    rtexit.o(.ARM.Collect$$rtexit$$00000000) refers (Special) to rtexit2.o(.ARM.Collect$$rtexit$$00000002) for __rt_exit_prels_1
    rtexit.o(.ARM.exidx) refers (Special) to rtexit2.o(.ARM.Collect$$rtexit$$00000004) for __rt_exit_exit
    rtexit.o(.ARM.exidx) refers (Special) to rtexit2.o(.ARM.Collect$$rtexit$$00000003) for __rt_exit_ls
    rtexit.o(.ARM.exidx) refers (Special) to rtexit2.o(.ARM.Collect$$rtexit$$00000002) for __rt_exit_prels_1
    rtexit.o(.ARM.exidx) refers to rtexit.o(.ARM.Collect$$rtexit$$00000000) for .ARM.Collect$$rtexit$$00000000
    libinit2.o(.ARM.Collect$$libinit$$00000001) refers to fpinit.o(x$fpl$fpinit) for _fp_init
    libinit2.o(.ARM.Collect$$libinit$$0000000E) refers to libinit2.o(.ARM.Collect$$libinit$$0000000D) for .ARM.Collect$$libinit$$0000000D
    libinit2.o(.ARM.Collect$$libinit$$00000010) refers to libinit2.o(.ARM.Collect$$libinit$$0000000D) for .ARM.Collect$$libinit$$0000000D
    libinit2.o(.ARM.Collect$$libinit$$00000012) refers to libinit2.o(.ARM.Collect$$libinit$$0000000D) for .ARM.Collect$$libinit$$0000000D
    libinit2.o(.ARM.Collect$$libinit$$00000014) refers to libinit2.o(.ARM.Collect$$libinit$$0000000D) for .ARM.Collect$$libinit$$0000000D
    libinit2.o(.ARM.Collect$$libinit$$00000016) refers to libinit2.o(.ARM.Collect$$libinit$$0000000D) for .ARM.Collect$$libinit$$0000000D
    libinit2.o(.ARM.Collect$$libinit$$00000024) refers to argv_veneer.o(.emb_text) for __ARM_argv_veneer
    libinit2.o(.ARM.Collect$$libinit$$00000025) refers to argv_veneer.o(.emb_text) for __ARM_argv_veneer
    rtexit2.o(.ARM.Collect$$rtexit$$00000003) refers to libshutdown.o(.ARM.Collect$$libshutdown$$00000000) for __rt_lib_shutdown
    rtexit2.o(.ARM.Collect$$rtexit$$00000004) refers to usart.o(i._sys_exit) for _sys_exit
    rtexit2.o(.ARM.exidx) refers to rtexit2.o(.ARM.Collect$$rtexit$$00000001) for .ARM.Collect$$rtexit$$00000001
    rtexit2.o(.ARM.exidx) refers to rtexit2.o(.ARM.Collect$$rtexit$$00000003) for .ARM.Collect$$rtexit$$00000003
    rtexit2.o(.ARM.exidx) refers to rtexit2.o(.ARM.Collect$$rtexit$$00000004) for .ARM.Collect$$rtexit$$00000004
    argv_veneer.o(.emb_text) refers to no_argv.o(.text) for __ARM_get_argv
    _get_argv_nomalloc.o(.text) refers (Special) to hrguard.o(.text) for __heap_region$guard
    _get_argv_nomalloc.o(.text) refers to defsig_rtmem_outer.o(.text) for __rt_SIGRTMEM
    _get_argv_nomalloc.o(.text) refers to sys_command.o(.text) for _sys_command_string
    libshutdown.o(.ARM.Collect$$libshutdown$$00000000) refers (Special) to libshutdown2.o(.ARM.Collect$$libshutdown$$00000006) for __rt_lib_shutdown_fp_trap_1
    libshutdown.o(.ARM.Collect$$libshutdown$$00000000) refers (Special) to libshutdown2.o(.ARM.Collect$$libshutdown$$0000000E) for __rt_lib_shutdown_heap_1
    libshutdown.o(.ARM.Collect$$libshutdown$$00000000) refers (Special) to libshutdown2.o(.ARM.Collect$$libshutdown$$0000000F) for __rt_lib_shutdown_return
    libshutdown.o(.ARM.Collect$$libshutdown$$00000000) refers (Special) to libshutdown2.o(.ARM.Collect$$libshutdown$$00000009) for __rt_lib_shutdown_signal_1
    libshutdown.o(.ARM.Collect$$libshutdown$$00000000) refers (Special) to libshutdown2.o(.ARM.Collect$$libshutdown$$00000003) for __rt_lib_shutdown_stdio_1
    libshutdown.o(.ARM.Collect$$libshutdown$$00000000) refers (Special) to libshutdown2.o(.ARM.Collect$$libshutdown$$0000000B) for __rt_lib_shutdown_user_alloc_1
    sys_command.o(.text) refers (Special) to use_no_semi.o(.text) for __I$use$semihosting
    sys_command.o(.text) refers (Special) to indicate_semi.o(.text) for __semihosting_library_function
    defsig_rtmem_outer.o(.text) refers to defsig_rtmem_inner.o(.text) for __rt_SIGRTMEM_inner
    defsig_rtmem_outer.o(.text) refers to defsig_exit.o(.text) for __sig_exit
    defsig_rtmem_formal.o(.text) refers to rt_raise.o(.text) for __rt_raise
    rt_raise.o(.text) refers to __raise.o(.text) for __raise
    rt_raise.o(.text) refers to usart.o(i._sys_exit) for _sys_exit
    defsig_exit.o(.text) refers to usart.o(i._sys_exit) for _sys_exit
    defsig_rtmem_inner.o(.text) refers to defsig_general.o(.text) for __default_signal_display
    __raise.o(.text) refers to defsig.o(CL$$defsig) for __default_signal_handler
    defsig_general.o(.text) refers to sys_wrch.o(.text) for _ttywrch
    sys_wrch.o(.text) refers (Special) to use_no_semi.o(.text) for __I$use$semihosting
    sys_wrch.o(.text) refers (Special) to indicate_semi.o(.text) for __semihosting_library_function
    defsig.o(CL$$defsig) refers to defsig_rtmem_inner.o(.text) for __rt_SIGRTMEM_inner
    defsig_abrt_inner.o(.text) refers to defsig_general.o(.text) for __default_signal_display
    defsig_fpe_inner.o(.text) refers to defsig_general.o(.text) for __default_signal_display
    defsig_rtred_inner.o(.text) refers to defsig_general.o(.text) for __default_signal_display
    defsig_stak_inner.o(.text) refers to defsig_general.o(.text) for __default_signal_display
    defsig_pvfn_inner.o(.text) refers to defsig_general.o(.text) for __default_signal_display
    defsig_cppl_inner.o(.text) refers to defsig_general.o(.text) for __default_signal_display
    defsig_segv_inner.o(.text) refers to defsig_general.o(.text) for __default_signal_display
    defsig_other.o(.text) refers to defsig_general.o(.text) for __default_signal_display


==============================================================================

Removing Unused input sections from the image.

    Removing main.o(.rev16_text), (4 bytes).
    Removing main.o(.revsh_text), (4 bytes).
    Removing main.o(i.Process_Socket_Data), (96 bytes).
    Removing main.o(i.SPI_WR), (108 bytes).
    Removing main.o(i.StartOneTestCircle), (192 bytes).
    Removing main.o(.bss), (60128 bytes).
    Removing main.o(.constdata), (5 bytes).
    Removing delay.o(.rev16_text), (4 bytes).
    Removing delay.o(.revsh_text), (4 bytes).
    Removing delay.o(i.delay_us), (64 bytes).
    Removing sys.o(.rev16_text), (4 bytes).
    Removing sys.o(.revsh_text), (4 bytes).
    Removing sys.o(.emb_text), (16 bytes).
    Removing sys.o(i.Ex_NVIC_Config), (180 bytes).
    Removing sys.o(i.Sys_Soft_Reset), (16 bytes).
    Removing sys.o(i.Sys_Standby), (76 bytes).
    Removing usart.o(.rev16_text), (4 bytes).
    Removing usart.o(.revsh_text), (4 bytes).
    Removing usart.o(i.fputc), (24 bytes).
    Removing w5500.o(.rev16_text), (4 bytes).
    Removing w5500.o(.revsh_text), (4 bytes).

21 unused section(s) (total 60945 bytes) removed from the image.

==============================================================================

Image Symbol Table

    Local Symbols

    Symbol Name                              Value     Ov Type        Size  Object(Section)

    ../clib/angel/boardlib.s                 0x00000000   Number         0  boardinit1.o ABSOLUTE
    ../clib/angel/boardlib.s                 0x00000000   Number         0  boardinit2.o ABSOLUTE
    ../clib/angel/boardlib.s                 0x00000000   Number         0  boardinit3.o ABSOLUTE
    ../clib/angel/boardlib.s                 0x00000000   Number         0  boardshut.o ABSOLUTE
    ../clib/angel/handlers.s                 0x00000000   Number         0  __scatter_zi.o ABSOLUTE
    ../clib/angel/handlers.s                 0x00000000   Number         0  __scatter_copy.o ABSOLUTE
    ../clib/angel/kernel.s                   0x00000000   Number         0  rtentry2.o ABSOLUTE
    ../clib/angel/kernel.s                   0x00000000   Number         0  rtexit2.o ABSOLUTE
    ../clib/angel/kernel.s                   0x00000000   Number         0  rtentry4.o ABSOLUTE
    ../clib/angel/kernel.s                   0x00000000   Number         0  rtexit.o ABSOLUTE
    ../clib/angel/kernel.s                   0x00000000   Number         0  rtentry.o ABSOLUTE
    ../clib/angel/rt.s                       0x00000000   Number         0  rt_raise.o ABSOLUTE
    ../clib/angel/scatter.s                  0x00000000   Number         0  __scatter.o ABSOLUTE
    ../clib/angel/startup.s                  0x00000000   Number         0  __main.o ABSOLUTE
    ../clib/angel/sys.s                      0x00000000   Number         0  use_no_semi.o ABSOLUTE
    ../clib/angel/sys.s                      0x00000000   Number         0  indicate_semi.o ABSOLUTE
    ../clib/angel/sys.s                      0x00000000   Number         0  use_no_semi_2.o ABSOLUTE
    ../clib/angel/sys.s                      0x00000000   Number         0  sys_stackheap_outer.o ABSOLUTE
    ../clib/angel/sys.s                      0x00000000   Number         0  libspace.o ABSOLUTE
    ../clib/angel/sysapp.c                   0x00000000   Number         0  sys_wrch.o ABSOLUTE
    ../clib/angel/sysapp.c                   0x00000000   Number         0  sys_command.o ABSOLUTE
    ../clib/armsys.c                         0x00000000   Number         0  _get_argv_nomalloc.o ABSOLUTE
    ../clib/armsys.c                         0x00000000   Number         0  argv_veneer.o ABSOLUTE
    ../clib/armsys.c                         0x00000000   Number         0  no_argv.o ABSOLUTE
    ../clib/armsys.c                         0x00000000   Number         0  argv_veneer.o ABSOLUTE
    ../clib/heapalloc.c                      0x00000000   Number         0  hrguard.o ABSOLUTE
    ../clib/heapaux.c                        0x00000000   Number         0  heapauxi.o ABSOLUTE
    ../clib/libinit.s                        0x00000000   Number         0  libshutdown.o ABSOLUTE
    ../clib/libinit.s                        0x00000000   Number         0  libinit.o ABSOLUTE
    ../clib/libinit.s                        0x00000000   Number         0  libinit2.o ABSOLUTE
    ../clib/libinit.s                        0x00000000   Number         0  libshutdown2.o ABSOLUTE
    ../clib/memcpset.s                       0x00000000   Number         0  rt_memcpy_w.o ABSOLUTE
    ../clib/memcpset.s                       0x00000000   Number         0  rt_memcpy_v6.o ABSOLUTE
    ../clib/signal.c                         0x00000000   Number         0  defsig_pvfn_inner.o ABSOLUTE
    ../clib/signal.c                         0x00000000   Number         0  defsig_stak_inner.o ABSOLUTE
    ../clib/signal.c                         0x00000000   Number         0  defsig_rtred_inner.o ABSOLUTE
    ../clib/signal.c                         0x00000000   Number         0  defsig_fpe_inner.o ABSOLUTE
    ../clib/signal.c                         0x00000000   Number         0  defsig_abrt_inner.o ABSOLUTE
    ../clib/signal.c                         0x00000000   Number         0  defsig_exit.o ABSOLUTE
    ../clib/signal.c                         0x00000000   Number         0  defsig_rtmem_inner.o ABSOLUTE
    ../clib/signal.c                         0x00000000   Number         0  defsig_rtmem_formal.o ABSOLUTE
    ../clib/signal.c                         0x00000000   Number         0  defsig_rtmem_outer.o ABSOLUTE
    ../clib/signal.c                         0x00000000   Number         0  defsig_segv_inner.o ABSOLUTE
    ../clib/signal.c                         0x00000000   Number         0  defsig_other.o ABSOLUTE
    ../clib/signal.c                         0x00000000   Number         0  __raise.o ABSOLUTE
    ../clib/signal.c                         0x00000000   Number         0  defsig_general.o ABSOLUTE
    ../clib/signal.c                         0x00000000   Number         0  defsig_cppl_inner.o ABSOLUTE
    ../clib/signal.s                         0x00000000   Number         0  defsig.o ABSOLUTE
    ../clib/stdlib.c                         0x00000000   Number         0  exit.o ABSOLUTE
    ../fplib/fpinit.s                        0x00000000   Number         0  fpinit.o ABSOLUTE
    ..\SYSTEM\delay\delay.c                  0x00000000   Number         0  delay.o ABSOLUTE
    ..\SYSTEM\sys\sys.c                      0x00000000   Number         0  sys.o ABSOLUTE
    ..\SYSTEM\usart\usart.c                  0x00000000   Number         0  usart.o ABSOLUTE
    ..\\SYSTEM\\delay\\delay.c               0x00000000   Number         0  delay.o ABSOLUTE
    ..\\SYSTEM\\sys\\sys.c                   0x00000000   Number         0  sys.o ABSOLUTE
    ..\\SYSTEM\\usart\\usart.c               0x00000000   Number         0  usart.o ABSOLUTE
    W5500.c                                  0x00000000   Number         0  w5500.o ABSOLUTE
    W5500.c                                  0x00000000   Number         0  w5500.o ABSOLUTE
    dc.s                                     0x00000000   Number         0  dc.o ABSOLUTE
    main.c                                   0x00000000   Number         0  main.o ABSOLUTE
    main.c                                   0x00000000   Number         0  main.o ABSOLUTE
    startup_stm32f40_41xxx.s                 0x00000000   Number         0  startup_stm32f40_41xxx.o ABSOLUTE
    RESET                                    0x08000000   Section      392  startup_stm32f40_41xxx.o(RESET)
    !!!main                                  0x08000188   Section        8  __main.o(!!!main)
    !!!scatter                               0x08000190   Section       52  __scatter.o(!!!scatter)
    !!handler_copy                           0x080001c4   Section       26  __scatter_copy.o(!!handler_copy)
    !!handler_zi                             0x080001e0   Section       28  __scatter_zi.o(!!handler_zi)
    .ARM.Collect$$libinit$$00000000          0x080001fc   Section        2  libinit.o(.ARM.Collect$$libinit$$00000000)
    .ARM.Collect$$libinit$$00000001          0x080001fe   Section        4  libinit2.o(.ARM.Collect$$libinit$$00000001)
    .ARM.Collect$$libinit$$00000008          0x08000202   Section        0  libinit2.o(.ARM.Collect$$libinit$$00000008)
    .ARM.Collect$$libinit$$0000000A          0x08000202   Section        0  libinit2.o(.ARM.Collect$$libinit$$0000000A)
    .ARM.Collect$$libinit$$0000000C          0x08000202   Section        0  libinit2.o(.ARM.Collect$$libinit$$0000000C)
    .ARM.Collect$$libinit$$0000000F          0x08000202   Section        0  libinit2.o(.ARM.Collect$$libinit$$0000000F)
    .ARM.Collect$$libinit$$00000011          0x08000202   Section        0  libinit2.o(.ARM.Collect$$libinit$$00000011)
    .ARM.Collect$$libinit$$00000013          0x08000202   Section        0  libinit2.o(.ARM.Collect$$libinit$$00000013)
    .ARM.Collect$$libinit$$00000015          0x08000202   Section        0  libinit2.o(.ARM.Collect$$libinit$$00000015)
    .ARM.Collect$$libinit$$00000017          0x08000202   Section        0  libinit2.o(.ARM.Collect$$libinit$$00000017)
    .ARM.Collect$$libinit$$00000019          0x08000202   Section        0  libinit2.o(.ARM.Collect$$libinit$$00000019)
    .ARM.Collect$$libinit$$0000001B          0x08000202   Section        0  libinit2.o(.ARM.Collect$$libinit$$0000001B)
    .ARM.Collect$$libinit$$0000001D          0x08000202   Section        0  libinit2.o(.ARM.Collect$$libinit$$0000001D)
    .ARM.Collect$$libinit$$0000001F          0x08000202   Section        0  libinit2.o(.ARM.Collect$$libinit$$0000001F)
    .ARM.Collect$$libinit$$00000021          0x08000202   Section        0  libinit2.o(.ARM.Collect$$libinit$$00000021)
    .ARM.Collect$$libinit$$00000023          0x08000202   Section        0  libinit2.o(.ARM.Collect$$libinit$$00000023)
    .ARM.Collect$$libinit$$0000002A          0x08000202   Section        0  libinit2.o(.ARM.Collect$$libinit$$0000002A)
    .ARM.Collect$$libinit$$0000002C          0x08000202   Section        0  libinit2.o(.ARM.Collect$$libinit$$0000002C)
    .ARM.Collect$$libinit$$0000002E          0x08000202   Section        0  libinit2.o(.ARM.Collect$$libinit$$0000002E)
    .ARM.Collect$$libinit$$00000030          0x08000202   Section        0  libinit2.o(.ARM.Collect$$libinit$$00000030)
    .ARM.Collect$$libinit$$00000031          0x08000202   Section        2  libinit2.o(.ARM.Collect$$libinit$$00000031)
    .ARM.Collect$$libshutdown$$00000000      0x08000204   Section        2  libshutdown.o(.ARM.Collect$$libshutdown$$00000000)
    .ARM.Collect$$libshutdown$$00000003      0x08000206   Section        0  libshutdown2.o(.ARM.Collect$$libshutdown$$00000003)
    .ARM.Collect$$libshutdown$$00000006      0x08000206   Section        0  libshutdown2.o(.ARM.Collect$$libshutdown$$00000006)
    .ARM.Collect$$libshutdown$$00000009      0x08000206   Section        0  libshutdown2.o(.ARM.Collect$$libshutdown$$00000009)
    .ARM.Collect$$libshutdown$$0000000B      0x08000206   Section        0  libshutdown2.o(.ARM.Collect$$libshutdown$$0000000B)
    .ARM.Collect$$libshutdown$$0000000E      0x08000206   Section        0  libshutdown2.o(.ARM.Collect$$libshutdown$$0000000E)
    .ARM.Collect$$libshutdown$$0000000F      0x08000206   Section        2  libshutdown2.o(.ARM.Collect$$libshutdown$$0000000F)
    .ARM.Collect$$rtentry$$00000000          0x08000208   Section        0  rtentry.o(.ARM.Collect$$rtentry$$00000000)
    .ARM.Collect$$rtentry$$00000002          0x08000208   Section        0  rtentry2.o(.ARM.Collect$$rtentry$$00000002)
    .ARM.Collect$$rtentry$$00000004          0x08000208   Section        6  rtentry4.o(.ARM.Collect$$rtentry$$00000004)
    .ARM.Collect$$rtentry$$00000009          0x0800020e   Section        0  rtentry2.o(.ARM.Collect$$rtentry$$00000009)
    .ARM.Collect$$rtentry$$0000000A          0x0800020e   Section        4  rtentry2.o(.ARM.Collect$$rtentry$$0000000A)
    .ARM.Collect$$rtentry$$0000000C          0x08000212   Section        0  rtentry2.o(.ARM.Collect$$rtentry$$0000000C)
    .ARM.Collect$$rtentry$$0000000D          0x08000212   Section        8  rtentry2.o(.ARM.Collect$$rtentry$$0000000D)
    .ARM.Collect$$rtexit$$00000000           0x0800021a   Section        2  rtexit.o(.ARM.Collect$$rtexit$$00000000)
    .ARM.Collect$$rtexit$$00000002           0x0800021c   Section        0  rtexit2.o(.ARM.Collect$$rtexit$$00000002)
    .ARM.Collect$$rtexit$$00000003           0x0800021c   Section        4  rtexit2.o(.ARM.Collect$$rtexit$$00000003)
    .ARM.Collect$$rtexit$$00000004           0x08000220   Section        6  rtexit2.o(.ARM.Collect$$rtexit$$00000004)
    .text                                    0x08000228   Section       68  startup_stm32f40_41xxx.o(.text)
    $v0                                      0x08000228   Number         0  startup_stm32f40_41xxx.o(.text)
    .text                                    0x0800026c   Section        2  use_no_semi_2.o(.text)
    .text                                    0x0800026e   Section        0  heapauxi.o(.text)
    .text                                    0x08000274   Section        2  use_no_semi.o(.text)
    .text                                    0x08000276   Section       74  sys_stackheap_outer.o(.text)
    .text                                    0x080002c0   Section        0  exit.o(.text)
    .text                                    0x080002cc   Section        8  libspace.o(.text)
    i.Dealy                                  0x080002d4   Section        0  main.o(i.Dealy)
    i.Detect_Gateway                         0x080002ec   Section        0  w5500.o(i.Detect_Gateway)
    i.EXTI3_IRQHandler                       0x080003b4   Section        0  main.o(i.EXTI3_IRQHandler)
    i.GPIO_AF_Set                            0x080003e4   Section        0  sys.o(i.GPIO_AF_Set)
    i.GPIO_Set                               0x08000424   Section        0  sys.o(i.GPIO_Set)
    i.Load_Net_Parameters                    0x08000504   Section        0  main.o(i.Load_Net_Parameters)
    i.MY_NVIC_Init                           0x08000578   Section        0  sys.o(i.MY_NVIC_Init)
    i.MY_NVIC_PriorityGroupConfig            0x080005f4   Section        0  sys.o(i.MY_NVIC_PriorityGroupConfig)
    i.MY_NVIC_SetVectorTable                 0x0800061c   Section        0  sys.o(i.MY_NVIC_SetVectorTable)
    i.PortDInit                              0x0800062c   Section        0  main.o(i.PortDInit)
    i.PortEInit                              0x08000668   Section        0  main.o(i.PortEInit)
    i.Read_SOCK_Data_Buffer                  0x08000768   Section        0  w5500.o(i.Read_SOCK_Data_Buffer)
    i.Read_W5500_1Byte                       0x08000870   Section        0  w5500.o(i.Read_W5500_1Byte)
    i.Read_W5500_SOCK_1Byte                  0x080008a8   Section        0  w5500.o(i.Read_W5500_SOCK_1Byte)
    i.Read_W5500_SOCK_2Byte                  0x080008ec   Section        0  w5500.o(i.Read_W5500_SOCK_2Byte)
    i.Receive_ETH_Data                       0x08000940   Section        0  w5500.o(i.Receive_ETH_Data)
    i.ResetFPGA                              0x080009a0   Section        0  main.o(i.ResetFPGA)
    i.SPIInit                                0x080009c8   Section        0  main.o(i.SPIInit)
    i.SPI_Read_Byte                          0x08000ab4   Section        0  w5500.o(i.SPI_Read_Byte)
    i.SPI_Send_Byte                          0x08000b04   Section        0  w5500.o(i.SPI_Send_Byte)
    i.SPI_Send_Short                         0x08000b64   Section        0  w5500.o(i.SPI_Send_Short)
    i.Send_ETH_Data                          0x08000b80   Section        0  main.o(i.Send_ETH_Data)
    i.Socket_Connect                         0x08000b94   Section        0  w5500.o(i.Socket_Connect)
    i.Socket_Init                            0x08000bdc   Section        0  w5500.o(i.Socket_Init)
    i.Socket_Listen                          0x08000c28   Section        0  w5500.o(i.Socket_Listen)
    i.Socket_UDP                             0x08000c8e   Section        0  w5500.o(i.Socket_UDP)
    i.Stm32_Clock_Init                       0x08000ccc   Section        0  sys.o(i.Stm32_Clock_Init)
    i.Sys_Clock_Set                          0x08000d34   Section        0  sys.o(i.Sys_Clock_Set)
    i.USART1_IRQHandler                      0x08000e3c   Section        0  usart.o(i.USART1_IRQHandler)
    i.USARTSend                              0x08000ed4   Section        0  main.o(i.USARTSend)
    i.W5500_Hardware_Reset                   0x08000ef4   Section        0  w5500.o(i.W5500_Hardware_Reset)
    i.W5500_Init                             0x08000f30   Section        0  w5500.o(i.W5500_Init)
    i.W5500_Initialization                   0x08000fd0   Section        0  main.o(i.W5500_Initialization)
    i.W5500_Interrupt_Process                0x08000fe4   Section        0  w5500.o(i.W5500_Interrupt_Process)
    i.W5500_Socket_Set                       0x08001094   Section        0  main.o(i.W5500_Socket_Set)
    i.Write_SOCK_Data_Buffer                 0x08001100   Section        0  w5500.o(i.Write_SOCK_Data_Buffer)
    i.Write_W5500_1Byte                      0x08001220   Section        0  w5500.o(i.Write_W5500_1Byte)
    i.Write_W5500_2Byte                      0x08001258   Section        0  w5500.o(i.Write_W5500_2Byte)
    i.Write_W5500_SOCK_1Byte                 0x08001290   Section        0  w5500.o(i.Write_W5500_SOCK_1Byte)
    i.Write_W5500_SOCK_2Byte                 0x080012d4   Section        0  w5500.o(i.Write_W5500_SOCK_2Byte)
    i.Write_W5500_SOCK_4Byte                 0x08001318   Section        0  w5500.o(i.Write_W5500_SOCK_4Byte)
    i.Write_W5500_nByte                      0x08001378   Section        0  w5500.o(i.Write_W5500_nByte)
    i._sys_exit                              0x080013c0   Section        0  usart.o(i._sys_exit)
    i.delay_init                             0x080013c8   Section        0  delay.o(i.delay_init)
    i.delay_ms                               0x08001408   Section        0  delay.o(i.delay_ms)
    i.delay_xms                              0x08001440   Section        0  delay.o(i.delay_xms)
    i.main                                   0x0800147c   Section        0  main.o(i.main)
    i.uart_init                              0x080014ec   Section        0  usart.o(i.uart_init)
    x$fpl$fpinit                             0x080015ec   Section       10  fpinit.o(x$fpl$fpinit)
    $v0                                      0x080015ec   Number         0  fpinit.o(x$fpl$fpinit)
    .data                                    0x20000000   Section       60  main.o(.data)
    .data                                    0x2000003c   Section        4  delay.o(.data)
    fac_us                                   0x2000003c   Data           1  delay.o(.data)
    fac_ms                                   0x2000003e   Data           2  delay.o(.data)
    .data                                    0x20000040   Section        8  usart.o(.data)
    .data                                    0x20000048   Section       36  w5500.o(.data)
    .bss                                     0x2000006c   Section      200  usart.o(.bss)
    .bss                                     0x20000134   Section       60  w5500.o(.bss)
    .bss                                     0x20000170   Section       96  libspace.o(.bss)
    HEAP                                     0x200001d0   Section        0  startup_stm32f40_41xxx.o(HEAP)
    STACK                                    0x200001d0   Section     1024  startup_stm32f40_41xxx.o(STACK)
    Heap_Mem                                 0x200001d0   Data           0  startup_stm32f40_41xxx.o(HEAP)
    Stack_Mem                                0x200001d0   Data        1024  startup_stm32f40_41xxx.o(STACK)
    __initial_sp                             0x200005d0   Data           0  startup_stm32f40_41xxx.o(STACK)

    Global Symbols

    Symbol Name                              Value     Ov Type        Size  Object(Section)

    BuildAttributes$$THM_ISAv4$E$P$D$K$B$S$7EM$VFPi3$EXTD16$VFPS$VFMA$PE$A:L22UL41UL21$X:L11$S22US41US21$IEEE1$IW$USESV6$~STKCKD$USESV7$~SHL$OSPACE$ROPI$EBA8$UX$STANDARDLIB$REQ8$PRES8$EABIv2 0x00000000   Number         0  anon$$obj.o ABSOLUTE
    __ARM_use_no_argv                        0x00000000   Number         0  main.o ABSOLUTE
    __ARM_exceptions_init                     - Undefined Weak Reference
    __alloca_initialize                       - Undefined Weak Reference
    __cpp_initialize__aeabi_                  - Undefined Weak Reference
    __cxa_finalize                            - Undefined Weak Reference
    __rt_locale                               - Undefined Weak Reference
    __sigvec_lookup                           - Undefined Weak Reference
    _atexit_init                              - Undefined Weak Reference
    _call_atexit_fns                          - Undefined Weak Reference
    _clock_init                               - Undefined Weak Reference
    _fp_trap_init                             - Undefined Weak Reference
    _fp_trap_shutdown                         - Undefined Weak Reference
    _get_lc_collate                           - Undefined Weak Reference
    _get_lc_ctype                             - Undefined Weak Reference
    _get_lc_monetary                          - Undefined Weak Reference
    _get_lc_numeric                           - Undefined Weak Reference
    _get_lc_time                              - Undefined Weak Reference
    _getenv_init                              - Undefined Weak Reference
    _handle_redirection                       - Undefined Weak Reference
    _init_alloc                               - Undefined Weak Reference
    _init_user_alloc                          - Undefined Weak Reference
    _initio                                   - Undefined Weak Reference
    _rand_init                                - Undefined Weak Reference
    _signal_finish                            - Undefined Weak Reference
    _signal_init                              - Undefined Weak Reference
    _terminate_alloc                          - Undefined Weak Reference
    _terminate_user_alloc                     - Undefined Weak Reference
    _terminateio                              - Undefined Weak Reference
    __Vectors_Size                           0x00000188   Number         0  startup_stm32f40_41xxx.o ABSOLUTE
    __Vectors                                0x08000000   Data           4  startup_stm32f40_41xxx.o(RESET)
    __Vectors_End                            0x08000188   Data           0  startup_stm32f40_41xxx.o(RESET)
    __main                                   0x08000189   Thumb Code     8  __main.o(!!!main)
    __scatterload                            0x08000191   Thumb Code     0  __scatter.o(!!!scatter)
    __scatterload_rt2                        0x08000191   Thumb Code    44  __scatter.o(!!!scatter)
    __scatterload_rt2_thumb_only             0x08000191   Thumb Code     0  __scatter.o(!!!scatter)
    __scatterload_null                       0x0800019f   Thumb Code     0  __scatter.o(!!!scatter)
    __scatterload_copy                       0x080001c5   Thumb Code    26  __scatter_copy.o(!!handler_copy)
    __scatterload_zeroinit                   0x080001e1   Thumb Code    28  __scatter_zi.o(!!handler_zi)
    __rt_lib_init                            0x080001fd   Thumb Code     0  libinit.o(.ARM.Collect$$libinit$$00000000)
    __rt_lib_init_fp_1                       0x080001ff   Thumb Code     0  libinit2.o(.ARM.Collect$$libinit$$00000001)
    __rt_lib_init_alloca_1                   0x08000203   Thumb Code     0  libinit2.o(.ARM.Collect$$libinit$$0000002C)
    __rt_lib_init_argv_1                     0x08000203   Thumb Code     0  libinit2.o(.ARM.Collect$$libinit$$0000002A)
    __rt_lib_init_atexit_1                   0x08000203   Thumb Code     0  libinit2.o(.ARM.Collect$$libinit$$00000019)
    __rt_lib_init_clock_1                    0x08000203   Thumb Code     0  libinit2.o(.ARM.Collect$$libinit$$0000001F)
    __rt_lib_init_cpp_1                      0x08000203   Thumb Code     0  libinit2.o(.ARM.Collect$$libinit$$00000030)
    __rt_lib_init_exceptions_1               0x08000203   Thumb Code     0  libinit2.o(.ARM.Collect$$libinit$$0000002E)
    __rt_lib_init_fp_trap_1                  0x08000203   Thumb Code     0  libinit2.o(.ARM.Collect$$libinit$$0000001D)
    __rt_lib_init_getenv_1                   0x08000203   Thumb Code     0  libinit2.o(.ARM.Collect$$libinit$$00000021)
    __rt_lib_init_heap_1                     0x08000203   Thumb Code     0  libinit2.o(.ARM.Collect$$libinit$$00000008)
    __rt_lib_init_lc_collate_1               0x08000203   Thumb Code     0  libinit2.o(.ARM.Collect$$libinit$$0000000F)
    __rt_lib_init_lc_ctype_1                 0x08000203   Thumb Code     0  libinit2.o(.ARM.Collect$$libinit$$00000011)
    __rt_lib_init_lc_monetary_1              0x08000203   Thumb Code     0  libinit2.o(.ARM.Collect$$libinit$$00000013)
    __rt_lib_init_lc_numeric_1               0x08000203   Thumb Code     0  libinit2.o(.ARM.Collect$$libinit$$00000015)
    __rt_lib_init_lc_time_1                  0x08000203   Thumb Code     0  libinit2.o(.ARM.Collect$$libinit$$00000017)
    __rt_lib_init_rand_1                     0x08000203   Thumb Code     0  libinit2.o(.ARM.Collect$$libinit$$0000000C)
    __rt_lib_init_return                     0x08000203   Thumb Code     0  libinit2.o(.ARM.Collect$$libinit$$00000031)
    __rt_lib_init_signal_1                   0x08000203   Thumb Code     0  libinit2.o(.ARM.Collect$$libinit$$0000001B)
    __rt_lib_init_stdio_1                    0x08000203   Thumb Code     0  libinit2.o(.ARM.Collect$$libinit$$00000023)
    __rt_lib_init_user_alloc_1               0x08000203   Thumb Code     0  libinit2.o(.ARM.Collect$$libinit$$0000000A)
    __rt_lib_shutdown                        0x08000205   Thumb Code     0  libshutdown.o(.ARM.Collect$$libshutdown$$00000000)
    __rt_lib_shutdown_fp_trap_1              0x08000207   Thumb Code     0  libshutdown2.o(.ARM.Collect$$libshutdown$$00000006)
    __rt_lib_shutdown_heap_1                 0x08000207   Thumb Code     0  libshutdown2.o(.ARM.Collect$$libshutdown$$0000000E)
    __rt_lib_shutdown_return                 0x08000207   Thumb Code     0  libshutdown2.o(.ARM.Collect$$libshutdown$$0000000F)
    __rt_lib_shutdown_signal_1               0x08000207   Thumb Code     0  libshutdown2.o(.ARM.Collect$$libshutdown$$00000009)
    __rt_lib_shutdown_stdio_1                0x08000207   Thumb Code     0  libshutdown2.o(.ARM.Collect$$libshutdown$$00000003)
    __rt_lib_shutdown_user_alloc_1           0x08000207   Thumb Code     0  libshutdown2.o(.ARM.Collect$$libshutdown$$0000000B)
    __rt_entry                               0x08000209   Thumb Code     0  rtentry.o(.ARM.Collect$$rtentry$$00000000)
    __rt_entry_presh_1                       0x08000209   Thumb Code     0  rtentry2.o(.ARM.Collect$$rtentry$$00000002)
    __rt_entry_sh                            0x08000209   Thumb Code     0  rtentry4.o(.ARM.Collect$$rtentry$$00000004)
    __rt_entry_li                            0x0800020f   Thumb Code     0  rtentry2.o(.ARM.Collect$$rtentry$$0000000A)
    __rt_entry_postsh_1                      0x0800020f   Thumb Code     0  rtentry2.o(.ARM.Collect$$rtentry$$00000009)
    __rt_entry_main                          0x08000213   Thumb Code     0  rtentry2.o(.ARM.Collect$$rtentry$$0000000D)
    __rt_entry_postli_1                      0x08000213   Thumb Code     0  rtentry2.o(.ARM.Collect$$rtentry$$0000000C)
    __rt_exit                                0x0800021b   Thumb Code     0  rtexit.o(.ARM.Collect$$rtexit$$00000000)
    __rt_exit_ls                             0x0800021d   Thumb Code     0  rtexit2.o(.ARM.Collect$$rtexit$$00000003)
    __rt_exit_prels_1                        0x0800021d   Thumb Code     0  rtexit2.o(.ARM.Collect$$rtexit$$00000002)
    __rt_exit_exit                           0x08000221   Thumb Code     0  rtexit2.o(.ARM.Collect$$rtexit$$00000004)
    Reset_Handler                            0x08000229   Thumb Code    14  startup_stm32f40_41xxx.o(.text)
    NMI_Handler                              0x08000237   Thumb Code     2  startup_stm32f40_41xxx.o(.text)
    HardFault_Handler                        0x08000239   Thumb Code     2  startup_stm32f40_41xxx.o(.text)
    MemManage_Handler                        0x0800023b   Thumb Code     2  startup_stm32f40_41xxx.o(.text)
    BusFault_Handler                         0x0800023d   Thumb Code     2  startup_stm32f40_41xxx.o(.text)
    UsageFault_Handler                       0x0800023f   Thumb Code     2  startup_stm32f40_41xxx.o(.text)
    SVC_Handler                              0x08000241   Thumb Code     2  startup_stm32f40_41xxx.o(.text)
    DebugMon_Handler                         0x08000243   Thumb Code     2  startup_stm32f40_41xxx.o(.text)
    PendSV_Handler                           0x08000245   Thumb Code     2  startup_stm32f40_41xxx.o(.text)
    SysTick_Handler                          0x08000247   Thumb Code     2  startup_stm32f40_41xxx.o(.text)
    ADC_IRQHandler                           0x08000249   Thumb Code     0  startup_stm32f40_41xxx.o(.text)
    CAN1_RX0_IRQHandler                      0x08000249   Thumb Code     0  startup_stm32f40_41xxx.o(.text)
    CAN1_RX1_IRQHandler                      0x08000249   Thumb Code     0  startup_stm32f40_41xxx.o(.text)
    CAN1_SCE_IRQHandler                      0x08000249   Thumb Code     0  startup_stm32f40_41xxx.o(.text)
    CAN1_TX_IRQHandler                       0x08000249   Thumb Code     0  startup_stm32f40_41xxx.o(.text)
    CAN2_RX0_IRQHandler                      0x08000249   Thumb Code     0  startup_stm32f40_41xxx.o(.text)
    CAN2_RX1_IRQHandler                      0x08000249   Thumb Code     0  startup_stm32f40_41xxx.o(.text)
    CAN2_SCE_IRQHandler                      0x08000249   Thumb Code     0  startup_stm32f40_41xxx.o(.text)
    CAN2_TX_IRQHandler                       0x08000249   Thumb Code     0  startup_stm32f40_41xxx.o(.text)
    CRYP_IRQHandler                          0x08000249   Thumb Code     0  startup_stm32f40_41xxx.o(.text)
    DCMI_IRQHandler                          0x08000249   Thumb Code     0  startup_stm32f40_41xxx.o(.text)
    DMA1_Stream0_IRQHandler                  0x08000249   Thumb Code     0  startup_stm32f40_41xxx.o(.text)
    DMA1_Stream1_IRQHandler                  0x08000249   Thumb Code     0  startup_stm32f40_41xxx.o(.text)
    DMA1_Stream2_IRQHandler                  0x08000249   Thumb Code     0  startup_stm32f40_41xxx.o(.text)
    DMA1_Stream3_IRQHandler                  0x08000249   Thumb Code     0  startup_stm32f40_41xxx.o(.text)
    DMA1_Stream4_IRQHandler                  0x08000249   Thumb Code     0  startup_stm32f40_41xxx.o(.text)
    DMA1_Stream5_IRQHandler                  0x08000249   Thumb Code     0  startup_stm32f40_41xxx.o(.text)
    DMA1_Stream6_IRQHandler                  0x08000249   Thumb Code     0  startup_stm32f40_41xxx.o(.text)
    DMA1_Stream7_IRQHandler                  0x08000249   Thumb Code     0  startup_stm32f40_41xxx.o(.text)
    DMA2_Stream0_IRQHandler                  0x08000249   Thumb Code     0  startup_stm32f40_41xxx.o(.text)
    DMA2_Stream1_IRQHandler                  0x08000249   Thumb Code     0  startup_stm32f40_41xxx.o(.text)
    DMA2_Stream2_IRQHandler                  0x08000249   Thumb Code     0  startup_stm32f40_41xxx.o(.text)
    DMA2_Stream3_IRQHandler                  0x08000249   Thumb Code     0  startup_stm32f40_41xxx.o(.text)
    DMA2_Stream4_IRQHandler                  0x08000249   Thumb Code     0  startup_stm32f40_41xxx.o(.text)
    DMA2_Stream5_IRQHandler                  0x08000249   Thumb Code     0  startup_stm32f40_41xxx.o(.text)
    DMA2_Stream6_IRQHandler                  0x08000249   Thumb Code     0  startup_stm32f40_41xxx.o(.text)
    DMA2_Stream7_IRQHandler                  0x08000249   Thumb Code     0  startup_stm32f40_41xxx.o(.text)
    ETH_IRQHandler                           0x08000249   Thumb Code     0  startup_stm32f40_41xxx.o(.text)
    ETH_WKUP_IRQHandler                      0x08000249   Thumb Code     0  startup_stm32f40_41xxx.o(.text)
    EXTI0_IRQHandler                         0x08000249   Thumb Code     0  startup_stm32f40_41xxx.o(.text)
    EXTI15_10_IRQHandler                     0x08000249   Thumb Code     0  startup_stm32f40_41xxx.o(.text)
    EXTI1_IRQHandler                         0x08000249   Thumb Code     0  startup_stm32f40_41xxx.o(.text)
    EXTI2_IRQHandler                         0x08000249   Thumb Code     0  startup_stm32f40_41xxx.o(.text)
    EXTI4_IRQHandler                         0x08000249   Thumb Code     0  startup_stm32f40_41xxx.o(.text)
    EXTI9_5_IRQHandler                       0x08000249   Thumb Code     0  startup_stm32f40_41xxx.o(.text)
    FLASH_IRQHandler                         0x08000249   Thumb Code     0  startup_stm32f40_41xxx.o(.text)
    FPU_IRQHandler                           0x08000249   Thumb Code     0  startup_stm32f40_41xxx.o(.text)
    FSMC_IRQHandler                          0x08000249   Thumb Code     0  startup_stm32f40_41xxx.o(.text)
    HASH_RNG_IRQHandler                      0x08000249   Thumb Code     0  startup_stm32f40_41xxx.o(.text)
    I2C1_ER_IRQHandler                       0x08000249   Thumb Code     0  startup_stm32f40_41xxx.o(.text)
    I2C1_EV_IRQHandler                       0x08000249   Thumb Code     0  startup_stm32f40_41xxx.o(.text)
    I2C2_ER_IRQHandler                       0x08000249   Thumb Code     0  startup_stm32f40_41xxx.o(.text)
    I2C2_EV_IRQHandler                       0x08000249   Thumb Code     0  startup_stm32f40_41xxx.o(.text)
    I2C3_ER_IRQHandler                       0x08000249   Thumb Code     0  startup_stm32f40_41xxx.o(.text)
    I2C3_EV_IRQHandler                       0x08000249   Thumb Code     0  startup_stm32f40_41xxx.o(.text)
    OTG_FS_IRQHandler                        0x08000249   Thumb Code     0  startup_stm32f40_41xxx.o(.text)
    OTG_FS_WKUP_IRQHandler                   0x08000249   Thumb Code     0  startup_stm32f40_41xxx.o(.text)
    OTG_HS_EP1_IN_IRQHandler                 0x08000249   Thumb Code     0  startup_stm32f40_41xxx.o(.text)
    OTG_HS_EP1_OUT_IRQHandler                0x08000249   Thumb Code     0  startup_stm32f40_41xxx.o(.text)
    OTG_HS_IRQHandler                        0x08000249   Thumb Code     0  startup_stm32f40_41xxx.o(.text)
    OTG_HS_WKUP_IRQHandler                   0x08000249   Thumb Code     0  startup_stm32f40_41xxx.o(.text)
    PVD_IRQHandler                           0x08000249   Thumb Code     0  startup_stm32f40_41xxx.o(.text)
    RCC_IRQHandler                           0x08000249   Thumb Code     0  startup_stm32f40_41xxx.o(.text)
    RTC_Alarm_IRQHandler                     0x08000249   Thumb Code     0  startup_stm32f40_41xxx.o(.text)
    RTC_WKUP_IRQHandler                      0x08000249   Thumb Code     0  startup_stm32f40_41xxx.o(.text)
    SDIO_IRQHandler                          0x08000249   Thumb Code     0  startup_stm32f40_41xxx.o(.text)
    SPI1_IRQHandler                          0x08000249   Thumb Code     0  startup_stm32f40_41xxx.o(.text)
    SPI2_IRQHandler                          0x08000249   Thumb Code     0  startup_stm32f40_41xxx.o(.text)
    SPI3_IRQHandler                          0x08000249   Thumb Code     0  startup_stm32f40_41xxx.o(.text)
    TAMP_STAMP_IRQHandler                    0x08000249   Thumb Code     0  startup_stm32f40_41xxx.o(.text)
    TIM1_BRK_TIM9_IRQHandler                 0x08000249   Thumb Code     0  startup_stm32f40_41xxx.o(.text)
    TIM1_CC_IRQHandler                       0x08000249   Thumb Code     0  startup_stm32f40_41xxx.o(.text)
    TIM1_TRG_COM_TIM11_IRQHandler            0x08000249   Thumb Code     0  startup_stm32f40_41xxx.o(.text)
    TIM1_UP_TIM10_IRQHandler                 0x08000249   Thumb Code     0  startup_stm32f40_41xxx.o(.text)
    TIM2_IRQHandler                          0x08000249   Thumb Code     0  startup_stm32f40_41xxx.o(.text)
    TIM3_IRQHandler                          0x08000249   Thumb Code     0  startup_stm32f40_41xxx.o(.text)
    TIM4_IRQHandler                          0x08000249   Thumb Code     0  startup_stm32f40_41xxx.o(.text)
    TIM5_IRQHandler                          0x08000249   Thumb Code     0  startup_stm32f40_41xxx.o(.text)
    TIM6_DAC_IRQHandler                      0x08000249   Thumb Code     0  startup_stm32f40_41xxx.o(.text)
    TIM7_IRQHandler                          0x08000249   Thumb Code     0  startup_stm32f40_41xxx.o(.text)
    TIM8_BRK_TIM12_IRQHandler                0x08000249   Thumb Code     0  startup_stm32f40_41xxx.o(.text)
    TIM8_CC_IRQHandler                       0x08000249   Thumb Code     0  startup_stm32f40_41xxx.o(.text)
    TIM8_TRG_COM_TIM14_IRQHandler            0x08000249   Thumb Code     0  startup_stm32f40_41xxx.o(.text)
    TIM8_UP_TIM13_IRQHandler                 0x08000249   Thumb Code     0  startup_stm32f40_41xxx.o(.text)
    UART4_IRQHandler                         0x08000249   Thumb Code     0  startup_stm32f40_41xxx.o(.text)
    UART5_IRQHandler                         0x08000249   Thumb Code     0  startup_stm32f40_41xxx.o(.text)
    USART2_IRQHandler                        0x08000249   Thumb Code     0  startup_stm32f40_41xxx.o(.text)
    USART3_IRQHandler                        0x08000249   Thumb Code     0  startup_stm32f40_41xxx.o(.text)
    USART6_IRQHandler                        0x08000249   Thumb Code     0  startup_stm32f40_41xxx.o(.text)
    WWDG_IRQHandler                          0x08000249   Thumb Code     0  startup_stm32f40_41xxx.o(.text)
    __user_initial_stackheap                 0x0800024d   Thumb Code     0  startup_stm32f40_41xxx.o(.text)
    __use_no_semihosting                     0x0800026d   Thumb Code     2  use_no_semi_2.o(.text)
    __use_two_region_memory                  0x0800026f   Thumb Code     2  heapauxi.o(.text)
    __rt_heap_escrow$2region                 0x08000271   Thumb Code     2  heapauxi.o(.text)
    __rt_heap_expand$2region                 0x08000273   Thumb Code     2  heapauxi.o(.text)
    __I$use$semihosting                      0x08000275   Thumb Code     0  use_no_semi.o(.text)
    __use_no_semihosting_swi                 0x08000275   Thumb Code     2  use_no_semi.o(.text)
    __user_setup_stackheap                   0x08000277   Thumb Code    74  sys_stackheap_outer.o(.text)
    exit                                     0x080002c1   Thumb Code    12  exit.o(.text)
    __user_libspace                          0x080002cd   Thumb Code     8  libspace.o(.text)
    __user_perproc_libspace                  0x080002cd   Thumb Code     0  libspace.o(.text)
    __user_perthread_libspace                0x080002cd   Thumb Code     0  libspace.o(.text)
    Dealy                                    0x080002d5   Thumb Code    24  main.o(i.Dealy)
    Detect_Gateway                           0x080002ed   Thumb Code   194  w5500.o(i.Detect_Gateway)
    EXTI3_IRQHandler                         0x080003b5   Thumb Code    38  main.o(i.EXTI3_IRQHandler)
    GPIO_AF_Set                              0x080003e5   Thumb Code    64  sys.o(i.GPIO_AF_Set)
    GPIO_Set                                 0x08000425   Thumb Code   222  sys.o(i.GPIO_Set)
    Load_Net_Parameters                      0x08000505   Thumb Code    92  main.o(i.Load_Net_Parameters)
    MY_NVIC_Init                             0x08000579   Thumb Code   120  sys.o(i.MY_NVIC_Init)
    MY_NVIC_PriorityGroupConfig              0x080005f5   Thumb Code    32  sys.o(i.MY_NVIC_PriorityGroupConfig)
    MY_NVIC_SetVectorTable                   0x0800061d   Thumb Code    12  sys.o(i.MY_NVIC_SetVectorTable)
    PortDInit                                0x0800062d   Thumb Code    52  main.o(i.PortDInit)
    PortEInit                                0x08000669   Thumb Code   224  main.o(i.PortEInit)
    Read_SOCK_Data_Buffer                    0x08000769   Thumb Code   258  w5500.o(i.Read_SOCK_Data_Buffer)
    Read_W5500_1Byte                         0x08000871   Thumb Code    52  w5500.o(i.Read_W5500_1Byte)
    Read_W5500_SOCK_1Byte                    0x080008a9   Thumb Code    64  w5500.o(i.Read_W5500_SOCK_1Byte)
    Read_W5500_SOCK_2Byte                    0x080008ed   Thumb Code    80  w5500.o(i.Read_W5500_SOCK_2Byte)
    Receive_ETH_Data                         0x08000941   Thumb Code    84  w5500.o(i.Receive_ETH_Data)
    ResetFPGA                                0x080009a1   Thumb Code    36  main.o(i.ResetFPGA)
    SPIInit                                  0x080009c9   Thumb Code   220  main.o(i.SPIInit)
    SPI_Read_Byte                            0x08000ab5   Thumb Code    76  w5500.o(i.SPI_Read_Byte)
    SPI_Send_Byte                            0x08000b05   Thumb Code    92  w5500.o(i.SPI_Send_Byte)
    SPI_Send_Short                           0x08000b65   Thumb Code    28  w5500.o(i.SPI_Send_Short)
    Send_ETH_Data                            0x08000b81   Thumb Code    20  main.o(i.Send_ETH_Data)
    Socket_Connect                           0x08000b95   Thumb Code    70  w5500.o(i.Socket_Connect)
    Socket_Init                              0x08000bdd   Thumb Code    72  w5500.o(i.Socket_Init)
    Socket_Listen                            0x08000c29   Thumb Code   102  w5500.o(i.Socket_Listen)
    Socket_UDP                               0x08000c8f   Thumb Code    60  w5500.o(i.Socket_UDP)
    Stm32_Clock_Init                         0x08000ccd   Thumb Code    90  sys.o(i.Stm32_Clock_Init)
    Sys_Clock_Set                            0x08000d35   Thumb Code   252  sys.o(i.Sys_Clock_Set)
    USART1_IRQHandler                        0x08000e3d   Thumb Code   134  usart.o(i.USART1_IRQHandler)
    USARTSend                                0x08000ed5   Thumb Code    28  main.o(i.USARTSend)
    W5500_Hardware_Reset                     0x08000ef5   Thumb Code    56  w5500.o(i.W5500_Hardware_Reset)
    W5500_Init                               0x08000f31   Thumb Code   144  w5500.o(i.W5500_Init)
    W5500_Initialization                     0x08000fd1   Thumb Code    18  main.o(i.W5500_Initialization)
    W5500_Interrupt_Process                  0x08000fe5   Thumb Code   164  w5500.o(i.W5500_Interrupt_Process)
    W5500_Socket_Set                         0x08001095   Thumb Code   100  main.o(i.W5500_Socket_Set)
    Write_SOCK_Data_Buffer                   0x08001101   Thumb Code   276  w5500.o(i.Write_SOCK_Data_Buffer)
    Write_W5500_1Byte                        0x08001221   Thumb Code    52  w5500.o(i.Write_W5500_1Byte)
    Write_W5500_2Byte                        0x08001259   Thumb Code    52  w5500.o(i.Write_W5500_2Byte)
    Write_W5500_SOCK_1Byte                   0x08001291   Thumb Code    64  w5500.o(i.Write_W5500_SOCK_1Byte)
    Write_W5500_SOCK_2Byte                   0x080012d5   Thumb Code    64  w5500.o(i.Write_W5500_SOCK_2Byte)
    Write_W5500_SOCK_4Byte                   0x08001319   Thumb Code    90  w5500.o(i.Write_W5500_SOCK_4Byte)
    Write_W5500_nByte                        0x08001379   Thumb Code    68  w5500.o(i.Write_W5500_nByte)
    _sys_exit                                0x080013c1   Thumb Code     6  usart.o(i._sys_exit)
    delay_init                               0x080013c9   Thumb Code    56  delay.o(i.delay_init)
    delay_ms                                 0x08001409   Thumb Code    56  delay.o(i.delay_ms)
    delay_xms                                0x08001441   Thumb Code    54  delay.o(i.delay_xms)
    main                                     0x0800147d   Thumb Code   102  main.o(i.main)
    uart_init                                0x080014ed   Thumb Code   240  usart.o(i.uart_init)
    _fp_init                                 0x080015ed   Thumb Code    10  fpinit.o(x$fpl$fpinit)
    __fplib_config_fpu_vfp                   0x080015f5   Thumb Code     0  fpinit.o(x$fpl$fpinit)
    __fplib_config_pureend_doubles           0x080015f5   Thumb Code     0  fpinit.o(x$fpl$fpinit)
    Region$$Table$$Base                      0x080015f8   Number         0  anon$$obj.o(Region$$Table)
    Region$$Table$$Limit                     0x08001618   Number         0  anon$$obj.o(Region$$Table)
    SystemCount                              0x20000000   Data           1  main.o(.data)
    OutOfOTDRRange                           0x20000001   Data           1  main.o(.data)
    ETH_Interrupt_Count                      0x20000002   Data           1  main.o(.data)
    ETH_Receive_Data_Number                  0x20000004   Data           4  main.o(.data)
    SPI_Command                              0x20000008   Data          10  main.o(.data)
    StartOneTestCircleFlag                   0x20000012   Data           1  main.o(.data)
    ErrorFlag                                0x20000013   Data           1  main.o(.data)
    ForAnalogSignalBase                      0x20000014   Data           4  main.o(.data)
    ForAnalogSignalBaseF                     0x20000018   Data           4  main.o(.data)
    DataPoint_H3                             0x2000001c   Data           4  main.o(.data)
    DataPoint_H2                             0x20000020   Data           4  main.o(.data)
    DataPoint_H1                             0x20000024   Data           4  main.o(.data)
    DataPoint                                0x20000028   Data           4  main.o(.data)
    dBShowForUSART                           0x2000002c   Data           6  main.o(.data)
    dBShowDataCnt                            0x20000032   Data           1  main.o(.data)
    UARTReceiveData                          0x20000033   Data           1  main.o(.data)
    DataCacheFIR                             0x20000034   Data           4  main.o(.data)
    FIRCNT                                   0x20000038   Data           4  main.o(.data)
    USART_RX_STA                             0x20000040   Data           2  usart.o(.data)
    __stdout                                 0x20000044   Data           4  usart.o(.data)
    S0_Mode                                  0x20000048   Data           1  w5500.o(.data)
    S0_State                                 0x20000049   Data           1  w5500.o(.data)
    Gateway_IP                               0x2000004a   Data           4  w5500.o(.data)
    Sub_Mask                                 0x2000004e   Data           4  w5500.o(.data)
    Phy_Addr                                 0x20000052   Data           6  w5500.o(.data)
    IP_Addr                                  0x20000058   Data           4  w5500.o(.data)
    S0_Port                                  0x2000005c   Data           2  w5500.o(.data)
    S0_DIP                                   0x2000005e   Data           4  w5500.o(.data)
    S0_DPort                                 0x20000062   Data           2  w5500.o(.data)
    UDP_DIPR                                 0x20000064   Data           4  w5500.o(.data)
    UDP_DPORT                                0x20000068   Data           2  w5500.o(.data)
    S0_Data                                  0x2000006a   Data           1  w5500.o(.data)
    W5500_Interrupt                          0x2000006b   Data           1  w5500.o(.data)
    USART_RX_BUF                             0x2000006c   Data         200  usart.o(.bss)
    Rx_Buffer                                0x20000134   Data          30  w5500.o(.bss)
    Tx_Buffer                                0x20000152   Data          30  w5500.o(.bss)
    __libspace_start                         0x20000170   Data          96  libspace.o(.bss)
    __temporary_stack_top$libspace           0x200001d0   Data           0  libspace.o(.bss)



==============================================================================

Memory Map of the image

  Image Entry point : 0x08000189

  Load Region LR_IROM1 (Base: 0x08000000, Size: 0x00001684, Max: 0x00100000, ABSOLUTE)

    Execution Region ER_IROM1 (Base: 0x08000000, Size: 0x00001618, Max: 0x00100000, ABSOLUTE)

    Base Addr    Size         Type   Attr      Idx    E Section Name        Object

    0x08000000   0x00000188   Data   RO            3    RESET               startup_stm32f40_41xxx.o
    0x08000188   0x00000008   Code   RO          504  * !!!main             c_w.l(__main.o)
    0x08000190   0x00000034   Code   RO          658    !!!scatter          c_w.l(__scatter.o)
    0x080001c4   0x0000001a   Code   RO          660    !!handler_copy      c_w.l(__scatter_copy.o)
    0x080001de   0x00000002   PAD
    0x080001e0   0x0000001c   Code   RO          662    !!handler_zi        c_w.l(__scatter_zi.o)
    0x080001fc   0x00000002   Code   RO          535    .ARM.Collect$$libinit$$00000000  c_w.l(libinit.o)
    0x080001fe   0x00000004   Code   RO          541    .ARM.Collect$$libinit$$00000001  c_w.l(libinit2.o)
    0x08000202   0x00000000   Code   RO          545    .ARM.Collect$$libinit$$00000008  c_w.l(libinit2.o)
    0x08000202   0x00000000   Code   RO          547    .ARM.Collect$$libinit$$0000000A  c_w.l(libinit2.o)
    0x08000202   0x00000000   Code   RO          549    .ARM.Collect$$libinit$$0000000C  c_w.l(libinit2.o)
    0x08000202   0x00000000   Code   RO          552    .ARM.Collect$$libinit$$0000000F  c_w.l(libinit2.o)
    0x08000202   0x00000000   Code   RO          554    .ARM.Collect$$libinit$$00000011  c_w.l(libinit2.o)
    0x08000202   0x00000000   Code   RO          556    .ARM.Collect$$libinit$$00000013  c_w.l(libinit2.o)
    0x08000202   0x00000000   Code   RO          558    .ARM.Collect$$libinit$$00000015  c_w.l(libinit2.o)
    0x08000202   0x00000000   Code   RO          560    .ARM.Collect$$libinit$$00000017  c_w.l(libinit2.o)
    0x08000202   0x00000000   Code   RO          562    .ARM.Collect$$libinit$$00000019  c_w.l(libinit2.o)
    0x08000202   0x00000000   Code   RO          564    .ARM.Collect$$libinit$$0000001B  c_w.l(libinit2.o)
    0x08000202   0x00000000   Code   RO          566    .ARM.Collect$$libinit$$0000001D  c_w.l(libinit2.o)
    0x08000202   0x00000000   Code   RO          568    .ARM.Collect$$libinit$$0000001F  c_w.l(libinit2.o)
    0x08000202   0x00000000   Code   RO          570    .ARM.Collect$$libinit$$00000021  c_w.l(libinit2.o)
    0x08000202   0x00000000   Code   RO          572    .ARM.Collect$$libinit$$00000023  c_w.l(libinit2.o)
    0x08000202   0x00000000   Code   RO          576    .ARM.Collect$$libinit$$0000002A  c_w.l(libinit2.o)
    0x08000202   0x00000000   Code   RO          578    .ARM.Collect$$libinit$$0000002C  c_w.l(libinit2.o)
    0x08000202   0x00000000   Code   RO          580    .ARM.Collect$$libinit$$0000002E  c_w.l(libinit2.o)
    0x08000202   0x00000000   Code   RO          582    .ARM.Collect$$libinit$$00000030  c_w.l(libinit2.o)
    0x08000202   0x00000002   Code   RO          583    .ARM.Collect$$libinit$$00000031  c_w.l(libinit2.o)
    0x08000204   0x00000002   Code   RO          601    .ARM.Collect$$libshutdown$$00000000  c_w.l(libshutdown.o)
    0x08000206   0x00000000   Code   RO          612    .ARM.Collect$$libshutdown$$00000003  c_w.l(libshutdown2.o)
    0x08000206   0x00000000   Code   RO          615    .ARM.Collect$$libshutdown$$00000006  c_w.l(libshutdown2.o)
    0x08000206   0x00000000   Code   RO          618    .ARM.Collect$$libshutdown$$00000009  c_w.l(libshutdown2.o)
    0x08000206   0x00000000   Code   RO          620    .ARM.Collect$$libshutdown$$0000000B  c_w.l(libshutdown2.o)
    0x08000206   0x00000000   Code   RO          623    .ARM.Collect$$libshutdown$$0000000E  c_w.l(libshutdown2.o)
    0x08000206   0x00000002   Code   RO          624    .ARM.Collect$$libshutdown$$0000000F  c_w.l(libshutdown2.o)
    0x08000208   0x00000000   Code   RO          508    .ARM.Collect$$rtentry$$00000000  c_w.l(rtentry.o)
    0x08000208   0x00000000   Code   RO          512    .ARM.Collect$$rtentry$$00000002  c_w.l(rtentry2.o)
    0x08000208   0x00000006   Code   RO          524    .ARM.Collect$$rtentry$$00000004  c_w.l(rtentry4.o)
    0x0800020e   0x00000000   Code   RO          514    .ARM.Collect$$rtentry$$00000009  c_w.l(rtentry2.o)
    0x0800020e   0x00000004   Code   RO          515    .ARM.Collect$$rtentry$$0000000A  c_w.l(rtentry2.o)
    0x08000212   0x00000000   Code   RO          517    .ARM.Collect$$rtentry$$0000000C  c_w.l(rtentry2.o)
    0x08000212   0x00000008   Code   RO          518    .ARM.Collect$$rtentry$$0000000D  c_w.l(rtentry2.o)
    0x0800021a   0x00000002   Code   RO          539    .ARM.Collect$$rtexit$$00000000  c_w.l(rtexit.o)
    0x0800021c   0x00000000   Code   RO          585    .ARM.Collect$$rtexit$$00000002  c_w.l(rtexit2.o)
    0x0800021c   0x00000004   Code   RO          586    .ARM.Collect$$rtexit$$00000003  c_w.l(rtexit2.o)
    0x08000220   0x00000006   Code   RO          587    .ARM.Collect$$rtexit$$00000004  c_w.l(rtexit2.o)
    0x08000226   0x00000002   PAD
    0x08000228   0x00000044   Code   RO            4    .text               startup_stm32f40_41xxx.o
    0x0800026c   0x00000002   Code   RO          498    .text               c_w.l(use_no_semi_2.o)
    0x0800026e   0x00000006   Code   RO          502    .text               c_w.l(heapauxi.o)
    0x08000274   0x00000002   Code   RO          506    .text               c_w.l(use_no_semi.o)
    0x08000276   0x0000004a   Code   RO          526    .text               c_w.l(sys_stackheap_outer.o)
    0x080002c0   0x0000000c   Code   RO          528    .text               c_w.l(exit.o)
    0x080002cc   0x00000008   Code   RO          536    .text               c_w.l(libspace.o)
    0x080002d4   0x00000018   Code   RO           12    i.Dealy             main.o
    0x080002ec   0x000000c8   Code   RO          338    i.Detect_Gateway    w5500.o
    0x080003b4   0x00000030   Code   RO           13    i.EXTI3_IRQHandler  main.o
    0x080003e4   0x00000040   Code   RO          212    i.GPIO_AF_Set       sys.o
    0x08000424   0x000000de   Code   RO          213    i.GPIO_Set          sys.o
    0x08000502   0x00000002   PAD
    0x08000504   0x00000074   Code   RO           14    i.Load_Net_Parameters  main.o
    0x08000578   0x0000007c   Code   RO          214    i.MY_NVIC_Init      sys.o
    0x080005f4   0x00000028   Code   RO          215    i.MY_NVIC_PriorityGroupConfig  sys.o
    0x0800061c   0x00000010   Code   RO          216    i.MY_NVIC_SetVectorTable  sys.o
    0x0800062c   0x0000003c   Code   RO           15    i.PortDInit         main.o
    0x08000668   0x00000100   Code   RO           16    i.PortEInit         main.o
    0x08000768   0x00000108   Code   RO          339    i.Read_SOCK_Data_Buffer  w5500.o
    0x08000870   0x00000038   Code   RO          340    i.Read_W5500_1Byte  w5500.o
    0x080008a8   0x00000044   Code   RO          341    i.Read_W5500_SOCK_1Byte  w5500.o
    0x080008ec   0x00000054   Code   RO          342    i.Read_W5500_SOCK_2Byte  w5500.o
    0x08000940   0x00000060   Code   RO          343    i.Receive_ETH_Data  w5500.o
    0x080009a0   0x00000028   Code   RO           18    i.ResetFPGA         main.o
    0x080009c8   0x000000ec   Code   RO           19    i.SPIInit           main.o
    0x08000ab4   0x00000050   Code   RO          344    i.SPI_Read_Byte     w5500.o
    0x08000b04   0x00000060   Code   RO          345    i.SPI_Send_Byte     w5500.o
    0x08000b64   0x0000001c   Code   RO          346    i.SPI_Send_Short    w5500.o
    0x08000b80   0x00000014   Code   RO           21    i.Send_ETH_Data     main.o
    0x08000b94   0x00000046   Code   RO          347    i.Socket_Connect    w5500.o
    0x08000bda   0x00000002   PAD
    0x08000bdc   0x0000004c   Code   RO          348    i.Socket_Init       w5500.o
    0x08000c28   0x00000066   Code   RO          349    i.Socket_Listen     w5500.o
    0x08000c8e   0x0000003c   Code   RO          350    i.Socket_UDP        w5500.o
    0x08000cca   0x00000002   PAD
    0x08000ccc   0x00000068   Code   RO          217    i.Stm32_Clock_Init  sys.o
    0x08000d34   0x00000108   Code   RO          218    i.Sys_Clock_Set     sys.o
    0x08000e3c   0x00000098   Code   RO          288    i.USART1_IRQHandler  usart.o
    0x08000ed4   0x00000020   Code   RO           23    i.USARTSend         main.o
    0x08000ef4   0x0000003c   Code   RO          351    i.W5500_Hardware_Reset  w5500.o
    0x08000f30   0x000000a0   Code   RO          352    i.W5500_Init        w5500.o
    0x08000fd0   0x00000012   Code   RO           24    i.W5500_Initialization  main.o
    0x08000fe2   0x00000002   PAD
    0x08000fe4   0x000000b0   Code   RO          353    i.W5500_Interrupt_Process  w5500.o
    0x08001094   0x0000006c   Code   RO           25    i.W5500_Socket_Set  main.o
    0x08001100   0x00000120   Code   RO          354    i.Write_SOCK_Data_Buffer  w5500.o
    0x08001220   0x00000038   Code   RO          355    i.Write_W5500_1Byte  w5500.o
    0x08001258   0x00000038   Code   RO          356    i.Write_W5500_2Byte  w5500.o
    0x08001290   0x00000044   Code   RO          357    i.Write_W5500_SOCK_1Byte  w5500.o
    0x080012d4   0x00000044   Code   RO          358    i.Write_W5500_SOCK_2Byte  w5500.o
    0x08001318   0x00000060   Code   RO          359    i.Write_W5500_SOCK_4Byte  w5500.o
    0x08001378   0x00000048   Code   RO          360    i.Write_W5500_nByte  w5500.o
    0x080013c0   0x00000006   Code   RO          289    i._sys_exit         usart.o
    0x080013c6   0x00000002   PAD
    0x080013c8   0x00000040   Code   RO          170    i.delay_init        delay.o
    0x08001408   0x00000038   Code   RO          171    i.delay_ms          delay.o
    0x08001440   0x0000003c   Code   RO          173    i.delay_xms         delay.o
    0x0800147c   0x00000070   Code   RO           26    i.main              main.o
    0x080014ec   0x00000100   Code   RO          291    i.uart_init         usart.o
    0x080015ec   0x0000000a   Code   RO          593    x$fpl$fpinit        fz_wm.l(fpinit.o)
    0x080015f6   0x00000002   PAD
    0x080015f8   0x00000020   Data   RO          656    Region$$Table       anon$$obj.o


    Execution Region RW_IRAM1 (Base: 0x20000000, Size: 0x000005d0, Max: 0x00020000, ABSOLUTE)

    Base Addr    Size         Type   Attr      Idx    E Section Name        Object

    0x20000000   0x0000003c   Data   RW           29    .data               main.o
    0x2000003c   0x00000004   Data   RW          174    .data               delay.o
    0x20000040   0x00000008   Data   RW          293    .data               usart.o
    0x20000048   0x00000024   Data   RW          362    .data               w5500.o
    0x2000006c   0x000000c8   Zero   RW          292    .bss                usart.o
    0x20000134   0x0000003c   Zero   RW          361    .bss                w5500.o
    0x20000170   0x00000060   Zero   RW          537    .bss                c_w.l(libspace.o)
    0x200001d0   0x00000000   Zero   RW            2    HEAP                startup_stm32f40_41xxx.o
    0x200001d0   0x00000400   Zero   RW            1    STACK               startup_stm32f40_41xxx.o


==============================================================================

Image component sizes


      Code (inc. data)   RO Data    RW Data    ZI Data      Debug   Object Name

       180         14          0          4          0       2244   delay.o
      1070        116          0         60          0     244697   main.o
        68         24        392          0       1024        932   startup_stm32f40_41xxx.o
       834         42          0          0          0       5686   sys.o
       414         34          0          8        200       4337   usart.o
      2380        126          0         36         60      21115   w5500.o

    ----------------------------------------------------------------------
      4956        356        424        108       1284     279011   Object Totals
         0          0         32          0          0          0   (incl. Generated)
        10          0          0          0          0          0   (incl. Padding)

    ----------------------------------------------------------------------

      Code (inc. data)   RO Data    RW Data    ZI Data      Debug   Library Member Name

         8          0          0          0          0         68   __main.o
        52          8          0          0          0          0   __scatter.o
        26          0          0          0          0          0   __scatter_copy.o
        28          0          0          0          0          0   __scatter_zi.o
        12          0          0          0          0         72   exit.o
         6          0          0          0          0        152   heapauxi.o
         2          0          0          0          0          0   libinit.o
         6          0          0          0          0          0   libinit2.o
         2          0          0          0          0          0   libshutdown.o
         2          0          0          0          0          0   libshutdown2.o
         8          4          0          0         96         68   libspace.o
         0          0          0          0          0          0   rtentry.o
        12          0          0          0          0          0   rtentry2.o
         6          0          0          0          0          0   rtentry4.o
         2          0          0          0          0          0   rtexit.o
        10          0          0          0          0          0   rtexit2.o
        74          0          0          0          0         80   sys_stackheap_outer.o
         2          0          0          0          0         68   use_no_semi.o
         2          0          0          0          0         68   use_no_semi_2.o
        10          0          0          0          0        116   fpinit.o

    ----------------------------------------------------------------------
       276         12          0          0         96        692   Library Totals
         6          0          0          0          0          0   (incl. Padding)

    ----------------------------------------------------------------------

      Code (inc. data)   RO Data    RW Data    ZI Data      Debug   Library Name

       260         12          0          0         96        576   c_w.l
        10          0          0          0          0        116   fz_wm.l

    ----------------------------------------------------------------------
       276         12          0          0         96        692   Library Totals

    ----------------------------------------------------------------------

==============================================================================


      Code (inc. data)   RO Data    RW Data    ZI Data      Debug   

      5232        368        424        108       1380     274943   Grand Totals
      5232        368        424        108       1380     274943   ELF Image Totals
      5232        368        424        108          0          0   ROM Totals

==============================================================================

    Total RO  Size (Code + RO Data)                 5656 (   5.52kB)
    Total RW  Size (RW Data + ZI Data)              1488 (   1.45kB)
    Total ROM Size (Code + RO Data + RW Data)       5764 (   5.63kB)

==============================================================================

