<html>
<body>
<pre>
<h1>µVision Build Log</h1>
<h2>Project:</h2>
E:\SGOD(V3.0)\ARM\Keil(V3.0)\USER\SGOD(V3.0).uvproj
Project File Date:  01/31/2015

<h2>Output:</h2>
Load "..\\OBJ\\SGOD(V3.0)" 
_____^
*** error 56: cannot open file
Rebuild target 'Target 1'
assembling startup_stm32f40_41xxx.s...
compiling main.c...
compiling delay.c...
compiling sys.c...
compiling usart.c...
linking...
Program Size: Code=2376 RO-data=424 RW-data=12 ZI-data=1324  
FromELF: creating hex file...
..\OBJ\SGOD(V3.hex: Error: Q0122E: Could not open file '..\OBJ\SGOD': No such file or directory
"..\OBJ\SGOD(V3.0)" - 0 Errors, 0 Warning(s).
Rebuild target 'Target 1'
assembling startup_stm32f40_41xxx.s...
compiling main.c...
compiling delay.c...
compiling sys.c...
compiling usart.c...
linking...
Program Size: Code=2376 RO-data=424 RW-data=12 ZI-data=1324  
FromELF: creating hex file...
"..\OBJ\SGOD.hex" - 0 Errors, 0 Warning(s).
Load "..\\OBJ\\SGOD.hex" 
Erase Done.
Programming Done.
Verify OK.
