<html>
<body>
<pre>
<h1>µVision Build Log</h1>
<h2>Project:</h2>
E:\OTDRBodoit\V2.0\ARM_ETH\Keil(V3.0)\USER\SGOD(V3.0).uvproj
Project File Date:  03/23/2018

<h2>Output:</h2>
Rebuild target 'Target 1'
assembling startup_stm32f40_41xxx.s...
compiling main.c...
main.c(128): error:  #20: identifier "SYSCFG_EXTICR2" is undefined
compiling delay.c...
compiling sys.c...
compiling usart.c...
compiling W5500.c...
"..\OBJ\SGOD.hex" - 1 Errors, 0 Warning(s).
Target not created
Rebuild target 'Target 1'
assembling startup_stm32f40_41xxx.s...
compiling main.c...
compiling delay.c...
compiling sys.c...
compiling usart.c...
compiling W5500.c...
linking...
Program Size: Code=5000 RO-data=424 RW-data=104 ZI-data=1384  
FromELF: creating hex file...
"..\OBJ\SGOD.hex" - 0 Errors, 0 Warning(s).
Rebuild target 'Target 1'
assembling startup_stm32f40_41xxx.s...
compiling main.c...
compiling delay.c...
compiling sys.c...
compiling usart.c...
compiling W5500.c...
linking...
Program Size: Code=5016 RO-data=424 RW-data=104 ZI-data=1384  
FromELF: creating hex file...
"..\OBJ\SGOD.hex" - 0 Errors, 0 Warning(s).
Rebuild target 'Target 1'
assembling startup_stm32f40_41xxx.s...
compiling main.c...
main.c(131): error:  #134: expected a field name
compiling delay.c...
compiling sys.c...
compiling usart.c...
compiling W5500.c...
"..\OBJ\SGOD.hex" - 1 Errors, 0 Warning(s).
Target not created
Rebuild target 'Target 1'
assembling startup_stm32f40_41xxx.s...
compiling main.c...
main.c(131): error:  #134: expected a field name
compiling delay.c...
compiling sys.c...
compiling usart.c...
compiling W5500.c...
"..\OBJ\SGOD.hex" - 1 Errors, 0 Warning(s).
Target not created
Rebuild target 'Target 1'
assembling startup_stm32f40_41xxx.s...
compiling main.c...
main.c(131): error:  #134: expected a field name
compiling delay.c...
compiling sys.c...
compiling usart.c...
compiling W5500.c...
"..\OBJ\SGOD.hex" - 1 Errors, 0 Warning(s).
Target not created
Rebuild target 'Target 1'
assembling startup_stm32f40_41xxx.s...
compiling main.c...
main.c(131): error:  #20: identifier "EXTI0" is undefined
main.c(131): error:  #134: expected a field name
compiling delay.c...
compiling sys.c...
compiling usart.c...
compiling W5500.c...
"..\OBJ\SGOD.hex" - 2 Errors, 0 Warning(s).
Target not created
Rebuild target 'Target 1'
assembling startup_stm32f40_41xxx.s...
compiling main.c...
main.c(131): error:  #20: identifier "UEXTI0" is undefined
main.c(131): error:  #134: expected a field name
compiling delay.c...
compiling sys.c...
compiling usart.c...
compiling W5500.c...
"..\OBJ\SGOD.hex" - 2 Errors, 0 Warning(s).
Target not created
Rebuild target 'Target 1'
assembling startup_stm32f40_41xxx.s...
compiling main.c...
compiling delay.c...
compiling sys.c...
compiling usart.c...
compiling W5500.c...
linking...
Program Size: Code=5016 RO-data=424 RW-data=104 ZI-data=1384  
FromELF: creating hex file...
"..\OBJ\SGOD.hex" - 0 Errors, 0 Warning(s).
Rebuild target 'Target 1'
assembling startup_stm32f40_41xxx.s...
compiling main.c...
main.c(134): error:  #134: expected a field name
compiling delay.c...
compiling sys.c...
compiling usart.c...
compiling W5500.c...
"..\OBJ\SGOD.hex" - 1 Errors, 0 Warning(s).
Target not created
Rebuild target 'Target 1'
assembling startup_stm32f40_41xxx.s...
compiling main.c...
main.c(136): error:  #134: expected a field name
compiling delay.c...
compiling sys.c...
compiling usart.c...
compiling W5500.c...
"..\OBJ\SGOD.hex" - 1 Errors, 0 Warning(s).
Target not created
Rebuild target 'Target 1'
assembling startup_stm32f40_41xxx.s...
compiling main.c...
main.c(133): error:  #20: identifier "EXTI_IMR" is undefined
compiling delay.c...
compiling sys.c...
compiling usart.c...
compiling W5500.c...
"..\OBJ\SGOD.hex" - 1 Errors, 0 Warning(s).
Target not created
Rebuild target 'Target 1'
assembling startup_stm32f40_41xxx.s...
compiling main.c...
main.c(133): error:  #134: expected a field name
compiling delay.c...
compiling sys.c...
compiling usart.c...
compiling W5500.c...
"..\OBJ\SGOD.hex" - 1 Errors, 0 Warning(s).
Target not created
Rebuild target 'Target 1'
assembling startup_stm32f40_41xxx.s...
compiling main.c...
main.c(134): error:  #137: expression must be a modifiable lvalue
compiling delay.c...
compiling sys.c...
compiling usart.c...
compiling W5500.c...
"..\OBJ\SGOD.hex" - 1 Errors, 0 Warning(s).
Target not created
Rebuild target 'Target 1'
assembling startup_stm32f40_41xxx.s...
compiling main.c...
compiling delay.c...
compiling sys.c...
compiling usart.c...
compiling W5500.c...
linking...
Program Size: Code=5016 RO-data=424 RW-data=104 ZI-data=1384  
FromELF: creating hex file...
"..\OBJ\SGOD.hex" - 0 Errors, 0 Warning(s).
Rebuild target 'Target 1'
assembling startup_stm32f40_41xxx.s...
compiling main.c...
compiling delay.c...
compiling sys.c...
compiling usart.c...
compiling W5500.c...
linking...
Program Size: Code=5032 RO-data=424 RW-data=104 ZI-data=1384  
FromELF: creating hex file...
"..\OBJ\SGOD.hex" - 0 Errors, 0 Warning(s).
Rebuild target 'Target 1'
assembling startup_stm32f40_41xxx.s...
compiling main.c...
compiling delay.c...
compiling sys.c...
compiling usart.c...
compiling W5500.c...
linking...
Program Size: Code=5048 RO-data=424 RW-data=104 ZI-data=1384  
FromELF: creating hex file...
"..\OBJ\SGOD.hex" - 0 Errors, 0 Warning(s).
Rebuild target 'Target 1'
assembling startup_stm32f40_41xxx.s...
compiling main.c...
compiling delay.c...
compiling sys.c...
compiling usart.c...
compiling W5500.c...
linking...
Program Size: Code=5048 RO-data=424 RW-data=104 ZI-data=1384  
FromELF: creating hex file...
"..\OBJ\SGOD.hex" - 0 Errors, 0 Warning(s).
Rebuild target 'Target 1'
assembling startup_stm32f40_41xxx.s...
compiling main.c...
compiling delay.c...
compiling sys.c...
compiling usart.c...
compiling W5500.c...
linking...
Program Size: Code=5048 RO-data=424 RW-data=104 ZI-data=1384  
FromELF: creating hex file...
"..\OBJ\SGOD.hex" - 0 Errors, 0 Warning(s).
Rebuild target 'Target 1'
assembling startup_stm32f40_41xxx.s...
compiling main.c...
compiling delay.c...
compiling sys.c...
compiling usart.c...
compiling W5500.c...
compiling exti.c...
exti.c(3): error:  #5: cannot open source input file "led.h": No such file or directory
"..\OBJ\SGOD.hex" - 1 Errors, 0 Warning(s).
Target not created
Rebuild target 'Target 1'
assembling startup_stm32f40_41xxx.s...
compiling main.c...
compiling delay.c...
compiling sys.c...
compiling usart.c...
compiling W5500.c...
linking...
Program Size: Code=5048 RO-data=424 RW-data=104 ZI-data=1384  
FromELF: creating hex file...
"..\OBJ\SGOD.hex" - 0 Errors, 0 Warning(s).
Rebuild target 'Target 1'
assembling startup_stm32f40_41xxx.s...
compiling main.c...
compiling delay.c...
compiling sys.c...
compiling usart.c...
compiling W5500.c...
linking...
Program Size: Code=5048 RO-data=424 RW-data=104 ZI-data=1384  
FromELF: creating hex file...
"..\OBJ\SGOD.hex" - 0 Errors, 0 Warning(s).
Rebuild target 'Target 1'
assembling startup_stm32f40_41xxx.s...
compiling main.c...
compiling delay.c...
compiling sys.c...
compiling usart.c...
compiling W5500.c...
linking...
Program Size: Code=5048 RO-data=424 RW-data=104 ZI-data=1384  
FromELF: creating hex file...
"..\OBJ\SGOD.hex" - 0 Errors, 0 Warning(s).
Rebuild target 'Target 1'
assembling startup_stm32f40_41xxx.s...
compiling main.c...
compiling delay.c...
compiling sys.c...
compiling usart.c...
compiling W5500.c...
linking...
Program Size: Code=5096 RO-data=424 RW-data=104 ZI-data=1384  
FromELF: creating hex file...
"..\OBJ\SGOD.hex" - 0 Errors, 0 Warning(s).
Rebuild target 'Target 1'
assembling startup_stm32f40_41xxx.s...
compiling main.c...
compiling delay.c...
compiling sys.c...
compiling usart.c...
compiling W5500.c...
linking...
Program Size: Code=5096 RO-data=424 RW-data=104 ZI-data=1384  
FromELF: creating hex file...
"..\OBJ\SGOD.hex" - 0 Errors, 0 Warning(s).
Rebuild target 'Target 1'
assembling startup_stm32f40_41xxx.s...
compiling main.c...
compiling delay.c...
compiling sys.c...
compiling usart.c...
compiling W5500.c...
linking...
Program Size: Code=5100 RO-data=424 RW-data=104 ZI-data=1384  
FromELF: creating hex file...
"..\OBJ\SGOD.hex" - 0 Errors, 0 Warning(s).
Rebuild target 'Target 1'
assembling startup_stm32f40_41xxx.s...
compiling main.c...
compiling delay.c...
compiling sys.c...
compiling usart.c...
compiling W5500.c...
linking...
Program Size: Code=5100 RO-data=424 RW-data=104 ZI-data=1384  
FromELF: creating hex file...
"..\OBJ\SGOD.hex" - 0 Errors, 0 Warning(s).
Load "..\\OBJ\\SGOD.hex" 
Erase Done.
Programming Done.
Verify OK.
Rebuild target 'Target 1'
assembling startup_stm32f40_41xxx.s...
compiling main.c...
compiling delay.c...
compiling sys.c...
compiling usart.c...
compiling W5500.c...
linking...
Program Size: Code=5100 RO-data=424 RW-data=104 ZI-data=1384  
FromELF: creating hex file...
"..\OBJ\SGOD.hex" - 0 Errors, 0 Warning(s).
Rebuild target 'Target 1'
assembling startup_stm32f40_41xxx.s...
compiling main.c...
compiling delay.c...
compiling sys.c...
compiling usart.c...
compiling W5500.c...
linking...
Program Size: Code=5100 RO-data=424 RW-data=104 ZI-data=1384  
FromELF: creating hex file...
"..\OBJ\SGOD.hex" - 0 Errors, 0 Warning(s).
Load "..\\OBJ\\SGOD.hex" 
Erase Done.
Programming Done.
Verify OK.
Rebuild target 'Target 1'
assembling startup_stm32f40_41xxx.s...
compiling main.c...
compiling delay.c...
compiling sys.c...
compiling usart.c...
compiling W5500.c...
linking...
Program Size: Code=5096 RO-data=424 RW-data=104 ZI-data=1384  
FromELF: creating hex file...
"..\OBJ\SGOD.hex" - 0 Errors, 0 Warning(s).
Load "..\\OBJ\\SGOD.hex" 
Erase Done.
Programming Done.
Verify OK.
Rebuild target 'Target 1'
assembling startup_stm32f40_41xxx.s...
compiling main.c...
compiling delay.c...
compiling sys.c...
compiling usart.c...
compiling W5500.c...
linking...
Program Size: Code=5096 RO-data=424 RW-data=104 ZI-data=1384  
FromELF: creating hex file...
"..\OBJ\SGOD.hex" - 0 Errors, 0 Warning(s).
Rebuild target 'Target 1'
assembling startup_stm32f40_41xxx.s...
compiling main.c...
main.c(408): error:  #20: identifier "ETH_Receive_Data_Number" is undefined
compiling delay.c...
compiling sys.c...
compiling usart.c...
compiling W5500.c...
"..\OBJ\SGOD.hex" - 1 Errors, 0 Warning(s).
Target not created
Build target 'Target 1'
compiling main.c...
linking...
Program Size: Code=5096 RO-data=424 RW-data=104 ZI-data=1384  
FromELF: creating hex file...
"..\OBJ\SGOD.hex" - 0 Errors, 0 Warning(s).
Rebuild target 'Target 1'
assembling startup_stm32f40_41xxx.s...
compiling main.c...
compiling delay.c...
compiling sys.c...
compiling usart.c...
compiling W5500.c...
linking...
Program Size: Code=5096 RO-data=424 RW-data=104 ZI-data=1384  
FromELF: creating hex file...
"..\OBJ\SGOD.hex" - 0 Errors, 0 Warning(s).
Rebuild target 'Target 1'
assembling startup_stm32f40_41xxx.s...
compiling main.c...
compiling delay.c...
compiling sys.c...
compiling usart.c...
compiling W5500.c...
linking...
Program Size: Code=5096 RO-data=424 RW-data=104 ZI-data=1384  
FromELF: creating hex file...
"..\OBJ\SGOD.hex" - 0 Errors, 0 Warning(s).
Load "..\\OBJ\\SGOD.hex" 
Erase Done.
Programming Done.
Verify OK.
Rebuild target 'Target 1'
assembling startup_stm32f40_41xxx.s...
compiling main.c...
compiling delay.c...
compiling sys.c...
compiling usart.c...
compiling W5500.c...
linking...
Program Size: Code=5096 RO-data=424 RW-data=104 ZI-data=1384  
FromELF: creating hex file...
"..\OBJ\SGOD.hex" - 0 Errors, 0 Warning(s).
Load "..\\OBJ\\SGOD.hex" 
Erase Done.
Programming Done.
Verify OK.
Rebuild target 'Target 1'
assembling startup_stm32f40_41xxx.s...
compiling main.c...
compiling delay.c...
compiling sys.c...
compiling usart.c...
compiling W5500.c...
linking...
Program Size: Code=4972 RO-data=424 RW-data=104 ZI-data=1384  
FromELF: creating hex file...
"..\OBJ\SGOD.hex" - 0 Errors, 0 Warning(s).
Load "..\\OBJ\\SGOD.hex" 
Erase Done.
Programming Done.
Verify OK.
Rebuild target 'Target 1'
assembling startup_stm32f40_41xxx.s...
compiling main.c...
compiling delay.c...
compiling sys.c...
compiling usart.c...
compiling W5500.c...
linking...
Program Size: Code=5096 RO-data=424 RW-data=104 ZI-data=1384  
FromELF: creating hex file...
"..\OBJ\SGOD.hex" - 0 Errors, 0 Warning(s).
Load "..\\OBJ\\SGOD.hex" 
Erase Done.
Programming Done.
Verify OK.
Rebuild target 'Target 1'
assembling startup_stm32f40_41xxx.s...
compiling main.c...
compiling delay.c...
compiling sys.c...
compiling usart.c...
compiling W5500.c...
linking...
Program Size: Code=5124 RO-data=424 RW-data=104 ZI-data=1384  
FromELF: creating hex file...
"..\OBJ\SGOD.hex" - 0 Errors, 0 Warning(s).
Load "..\\OBJ\\SGOD.hex" 
Erase Done.
Programming Done.
Verify OK.
Rebuild target 'Target 1'
assembling startup_stm32f40_41xxx.s...
compiling main.c...
compiling delay.c...
compiling sys.c...
compiling usart.c...
compiling W5500.c...
linking...
Program Size: Code=5124 RO-data=424 RW-data=104 ZI-data=1384  
FromELF: creating hex file...
"..\OBJ\SGOD.hex" - 0 Errors, 0 Warning(s).
Load "..\\OBJ\\SGOD.hex" 
Erase Done.
Programming Done.
Verify OK.
Rebuild target 'Target 1'
assembling startup_stm32f40_41xxx.s...
compiling main.c...
compiling delay.c...
compiling sys.c...
compiling usart.c...
compiling W5500.c...
linking...
Program Size: Code=5120 RO-data=424 RW-data=104 ZI-data=1384  
FromELF: creating hex file...
"..\OBJ\SGOD.hex" - 0 Errors, 0 Warning(s).
Rebuild target 'Target 1'
assembling startup_stm32f40_41xxx.s...
compiling main.c...
compiling delay.c...
compiling sys.c...
compiling usart.c...
compiling W5500.c...
linking...
Program Size: Code=5120 RO-data=424 RW-data=104 ZI-data=1384  
FromELF: creating hex file...
"..\OBJ\SGOD.hex" - 0 Errors, 0 Warning(s).
Rebuild target 'Target 1'
assembling startup_stm32f40_41xxx.s...
compiling main.c...
main.c(130): warning:  #175-D: subscript out of range
compiling delay.c...
compiling sys.c...
compiling usart.c...
compiling W5500.c...
linking...
Program Size: Code=5124 RO-data=424 RW-data=104 ZI-data=1384  
FromELF: creating hex file...
"..\OBJ\SGOD.hex" - 0 Errors, 1 Warning(s).
Rebuild target 'Target 1'
assembling startup_stm32f40_41xxx.s...
compiling main.c...
compiling delay.c...
compiling sys.c...
compiling usart.c...
compiling W5500.c...
linking...
Program Size: Code=5120 RO-data=424 RW-data=104 ZI-data=1384  
FromELF: creating hex file...
"..\OBJ\SGOD.hex" - 0 Errors, 0 Warning(s).
Rebuild target 'Target 1'
assembling startup_stm32f40_41xxx.s...
compiling main.c...
compiling delay.c...
compiling sys.c...
compiling usart.c...
compiling W5500.c...
linking...
Program Size: Code=5120 RO-data=424 RW-data=104 ZI-data=1384  
FromELF: creating hex file...
"..\OBJ\SGOD.hex" - 0 Errors, 0 Warning(s).
Load "..\\OBJ\\SGOD.hex" 
Erase Done.
Programming Done.
Verify OK.
Rebuild target 'Target 1'
assembling startup_stm32f40_41xxx.s...
compiling main.c...
compiling delay.c...
compiling sys.c...
compiling usart.c...
compiling W5500.c...
linking...
Program Size: Code=5120 RO-data=424 RW-data=104 ZI-data=1384  
FromELF: creating hex file...
"..\OBJ\SGOD.hex" - 0 Errors, 0 Warning(s).
Rebuild target 'Target 1'
assembling startup_stm32f40_41xxx.s...
compiling main.c...
compiling delay.c...
compiling sys.c...
compiling usart.c...
compiling W5500.c...
linking...
Program Size: Code=5120 RO-data=424 RW-data=104 ZI-data=1384  
FromELF: creating hex file...
"..\OBJ\SGOD.hex" - 0 Errors, 0 Warning(s).
Load "..\\OBJ\\SGOD.hex" 
Erase Done.
Programming Done.
Verify OK.
Rebuild target 'Target 1'
assembling startup_stm32f40_41xxx.s...
compiling main.c...
compiling delay.c...
compiling sys.c...
compiling usart.c...
compiling W5500.c...
linking...
Program Size: Code=5120 RO-data=424 RW-data=104 ZI-data=1384  
FromELF: creating hex file...
"..\OBJ\SGOD.hex" - 0 Errors, 0 Warning(s).
Rebuild target 'Target 1'
assembling startup_stm32f40_41xxx.s...
compiling main.c...
compiling delay.c...
compiling sys.c...
compiling usart.c...
compiling W5500.c...
linking...
Program Size: Code=5120 RO-data=424 RW-data=104 ZI-data=1384  
FromELF: creating hex file...
"..\OBJ\SGOD.hex" - 0 Errors, 0 Warning(s).
Load "..\\OBJ\\SGOD.hex" 
Erase Done.
Programming Done.
Verify OK.
Rebuild target 'Target 1'
assembling startup_stm32f40_41xxx.s...
compiling main.c...
compiling delay.c...
compiling sys.c...
compiling usart.c...
compiling W5500.c...
linking...
Program Size: Code=5124 RO-data=424 RW-data=104 ZI-data=1384  
FromELF: creating hex file...
"..\OBJ\SGOD.hex" - 0 Errors, 0 Warning(s).
Load "..\\OBJ\\SGOD.hex" 
Erase Done.
Programming Done.
Verify OK.
Rebuild target 'Target 1'
assembling startup_stm32f40_41xxx.s...
compiling main.c...
compiling delay.c...
compiling sys.c...
compiling usart.c...
compiling W5500.c...
linking...
Program Size: Code=5096 RO-data=424 RW-data=104 ZI-data=1384  
FromELF: creating hex file...
"..\OBJ\SGOD.hex" - 0 Errors, 0 Warning(s).
Rebuild target 'Target 1'
assembling startup_stm32f40_41xxx.s...
compiling main.c...
compiling delay.c...
compiling sys.c...
compiling usart.c...
compiling W5500.c...
compiling exti.c...
exti.c(3): error:  #5: cannot open source input file "led.h": No such file or directory
"..\OBJ\SGOD.hex" - 1 Errors, 0 Warning(s).
Target not created
Rebuild target 'Target 1'
assembling startup_stm32f40_41xxx.s...
compiling main.c...
compiling delay.c...
compiling sys.c...
compiling usart.c...
compiling W5500.c...
compiling exti.c...
exti.c(4): error:  #5: cannot open source input file "key.h": No such file or directory
compiling led.c...
"..\OBJ\SGOD.hex" - 1 Errors, 0 Warning(s).
Target not created
Rebuild target 'Target 1'
assembling startup_stm32f40_41xxx.s...
compiling main.c...
compiling delay.c...
compiling sys.c...
compiling usart.c...
compiling W5500.c...
linking...
Program Size: Code=5124 RO-data=424 RW-data=104 ZI-data=1384  
FromELF: creating hex file...
"..\OBJ\SGOD.hex" - 0 Errors, 0 Warning(s).
Rebuild target 'Target 1'
assembling startup_stm32f40_41xxx.s...
compiling main.c...
compiling delay.c...
compiling sys.c...
compiling usart.c...
compiling W5500.c...
linking...
Program Size: Code=5124 RO-data=424 RW-data=104 ZI-data=1384  
FromELF: creating hex file...
"..\OBJ\SGOD.hex" - 0 Errors, 0 Warning(s).
Load "..\\OBJ\\SGOD.hex" 
Erase Done.
Programming Done.
Verify OK.
Rebuild target 'Target 1'
assembling startup_stm32f40_41xxx.s...
compiling main.c...
compiling delay.c...
compiling sys.c...
compiling usart.c...
compiling W5500.c...
linking...
Program Size: Code=5136 RO-data=424 RW-data=104 ZI-data=1384  
FromELF: creating hex file...
"..\OBJ\SGOD.hex" - 0 Errors, 0 Warning(s).
Rebuild target 'Target 1'
assembling startup_stm32f40_41xxx.s...
compiling main.c...
compiling delay.c...
compiling sys.c...
compiling usart.c...
compiling W5500.c...
linking...
Program Size: Code=5136 RO-data=424 RW-data=104 ZI-data=1384  
FromELF: creating hex file...
"..\OBJ\SGOD.hex" - 0 Errors, 0 Warning(s).
Load "..\\OBJ\\SGOD.hex" 
Erase Done.
Programming Done.
Verify OK.
Rebuild target 'Target 1'
assembling startup_stm32f40_41xxx.s...
compiling main.c...
compiling delay.c...
compiling sys.c...
compiling usart.c...
compiling W5500.c...
linking...
Program Size: Code=5144 RO-data=424 RW-data=104 ZI-data=1384  
FromELF: creating hex file...
"..\OBJ\SGOD.hex" - 0 Errors, 0 Warning(s).
Rebuild target 'Target 1'
assembling startup_stm32f40_41xxx.s...
compiling main.c...
compiling delay.c...
compiling sys.c...
compiling usart.c...
compiling W5500.c...
linking...
Program Size: Code=5144 RO-data=424 RW-data=104 ZI-data=1384  
FromELF: creating hex file...
"..\OBJ\SGOD.hex" - 0 Errors, 0 Warning(s).
Load "..\\OBJ\\SGOD.hex" 
Erase Done.
Programming Done.
Verify OK.
Rebuild target 'Target 1'
assembling startup_stm32f40_41xxx.s...
compiling main.c...
compiling delay.c...
compiling sys.c...
compiling usart.c...
compiling W5500.c...
linking...
Program Size: Code=5144 RO-data=424 RW-data=104 ZI-data=1384  
FromELF: creating hex file...
"..\OBJ\SGOD.hex" - 0 Errors, 0 Warning(s).
Load "..\\OBJ\\SGOD.hex" 
Erase Done.
Programming Done.
Verify OK.
Rebuild target 'Target 1'
assembling startup_stm32f40_41xxx.s...
compiling main.c...
compiling delay.c...
compiling sys.c...
compiling usart.c...
compiling W5500.c...
linking...
Program Size: Code=5140 RO-data=424 RW-data=104 ZI-data=1384  
FromELF: creating hex file...
"..\OBJ\SGOD.hex" - 0 Errors, 0 Warning(s).
Load "..\\OBJ\\SGOD.hex" 
Erase Done.
Programming Done.
Verify OK.
Rebuild target 'Target 1'
assembling startup_stm32f40_41xxx.s...
compiling main.c...
compiling delay.c...
compiling sys.c...
compiling usart.c...
compiling W5500.c...
linking...
Program Size: Code=5140 RO-data=424 RW-data=104 ZI-data=1384  
FromELF: creating hex file...
"..\OBJ\SGOD.hex" - 0 Errors, 0 Warning(s).
Load "..\\OBJ\\SGOD.hex" 
Erase Done.
Programming Done.
Verify OK.
Rebuild target 'Target 1'
assembling startup_stm32f40_41xxx.s...
compiling main.c...
compiling delay.c...
compiling sys.c...
compiling usart.c...
compiling W5500.c...
linking...
Program Size: Code=5140 RO-data=424 RW-data=104 ZI-data=1384  
FromELF: creating hex file...
"..\OBJ\SGOD.hex" - 0 Errors, 0 Warning(s).
Load "..\\OBJ\\SGOD.hex" 
Erase Done.
Programming Done.
Verify OK.
Rebuild target 'Target 1'
assembling startup_stm32f40_41xxx.s...
compiling main.c...
compiling delay.c...
compiling sys.c...
compiling usart.c...
compiling W5500.c...
linking...
Program Size: Code=5140 RO-data=424 RW-data=104 ZI-data=1384  
FromELF: creating hex file...
"..\OBJ\SGOD.hex" - 0 Errors, 0 Warning(s).
Load "..\\OBJ\\SGOD.hex" 
Erase Done.
Programming Done.
Verify OK.
Rebuild target 'Target 1'
assembling startup_stm32f40_41xxx.s...
compiling main.c...
compiling delay.c...
compiling sys.c...
compiling usart.c...
compiling W5500.c...
linking...
Program Size: Code=5184 RO-data=424 RW-data=104 ZI-data=1384  
FromELF: creating hex file...
"..\OBJ\SGOD.hex" - 0 Errors, 0 Warning(s).
Load "..\\OBJ\\SGOD.hex" 
Erase Done.
Programming Done.
Verify OK.
Rebuild target 'Target 1'
assembling startup_stm32f40_41xxx.s...
compiling main.c...
compiling delay.c...
compiling sys.c...
compiling usart.c...
compiling W5500.c...
linking...
Program Size: Code=5212 RO-data=424 RW-data=104 ZI-data=1384  
FromELF: creating hex file...
"..\OBJ\SGOD.hex" - 0 Errors, 0 Warning(s).
Load "..\\OBJ\\SGOD.hex" 
Erase Done.
Programming Done.
Verify OK.
Rebuild target 'Target 1'
assembling startup_stm32f40_41xxx.s...
compiling main.c...
compiling delay.c...
compiling sys.c...
compiling usart.c...
compiling W5500.c...
linking...
Program Size: Code=5188 RO-data=424 RW-data=104 ZI-data=1384  
FromELF: creating hex file...
"..\OBJ\SGOD.hex" - 0 Errors, 0 Warning(s).
Rebuild target 'Target 1'
assembling startup_stm32f40_41xxx.s...
compiling main.c...
compiling delay.c...
compiling sys.c...
compiling usart.c...
compiling W5500.c...
linking...
Program Size: Code=5188 RO-data=424 RW-data=104 ZI-data=1384  
FromELF: creating hex file...
"..\OBJ\SGOD.hex" - 0 Errors, 0 Warning(s).
Load "..\\OBJ\\SGOD.hex" 
Erase Done.
Programming Done.
Verify OK.
