<html>
<body>
<pre>
<h1>µVision Build Log</h1>
<h2>Project:</h2>
E:\SGOD(V3.0)\ARM\Keil(V3.0)\USER\SGOD(V3.0).uvproj
Project File Date:  01/29/2015

<h2>Output:</h2>
Load "..\\OBJ\\SGOD(V3.0)" 
_____^
*** error 56: cannot open file
Rebuild target 'Target 1'
assembling startup_stm32f40_41xxx.s...
compiling main.c...
compiling delay.c...
compiling sys.c...
compiling usart.c...
creating Library...
"..\OBJ\SGOD(V3.0).lib" - 0 Error(s), 0 Warning(s).
Rebuild target 'Target 1'
assembling startup_stm32f40_41xxx.s...
compiling main.c...
compiling delay.c...
compiling sys.c...
compiling usart.c...
linking...
Program Size: Code=2368 RO-data=424 RW-data=12 ZI-data=1324  
FromELF: creating hex file...
"..\OBJ\SGOD(V3.0).axf" - 0 Error(s), 0 Warning(s).
Load "..\\OBJ\\SGOD(V3.0)" 
_____^
*** error 56: cannot open file
Load "..\\OBJ\\SGOD(V3.0)" 
_____^
*** error 56: cannot open file
Load "..\\OBJ\\SGOD(V3.0)" 
_____^
*** error 56: cannot open file
Load "..\\OBJ\\SGOD(V3.0)" 
_____^
*** error 56: cannot open file
Load "..\\OBJ\\SGOD(V3.0)" 
_____^
*** error 56: cannot open file
Rebuild target 'Target 1'
assembling startup_stm32f40_41xxx.s...
compiling main.c...
compiling delay.c...
compiling sys.c...
compiling usart.c...
linking...
Program Size: Code=2368 RO-data=424 RW-data=12 ZI-data=1324  
FromELF: creating hex file...
"..\OBJ\SGOD(V3.0).axf" - 0 Error(s), 0 Warning(s).
Rebuild target 'Target 1'
assembling startup_stm32f40_41xxx.s...
compiling main.c...
compiling delay.c...
compiling sys.c...
compiling usart.c...
linking...
Program Size: Code=2368 RO-data=424 RW-data=12 ZI-data=1324  
FromELF: creating hex file...
"..\OBJ\SGOD(V3.0).axf" - 0 Error(s), 0 Warning(s).
Rebuild target 'Target 1'
assembling startup_stm32f40_41xxx.s...
compiling main.c...
compiling delay.c...
compiling sys.c...
compiling usart.c...
linking...
Program Size: Code=2368 RO-data=424 RW-data=12 ZI-data=1324  
FromELF: creating hex file...
"..\OBJ\SGOD(V3.0).axf" - 0 Error(s), 0 Warning(s).
Rebuild target 'Target 1'
assembling startup_stm32f40_41xxx.s...
compiling main.c...
compiling delay.c...
compiling sys.c...
compiling usart.c...
linking...
Program Size: Code=2368 RO-data=424 RW-data=12 ZI-data=1324  
FromELF: creating hex file...
"..\OBJ\SGOD(V3.0).axf" - 0 Error(s), 0 Warning(s).
Load "..\\OBJ\\SGOD(V3.0)" 
_____^
*** error 56: cannot open file
Load "..\\OBJ\\SGOD(V3.0)" 
_____^
*** error 56: cannot open file
Load "..\\OBJ\\SGOD(V3.0)" 
_____^
*** error 56: cannot open file
Rebuild target 'Target 1'
assembling startup_stm32f40_41xxx.s...
compiling main.c...
compiling delay.c...
compiling sys.c...
compiling usart.c...
linking...
Program Size: Code=2368 RO-data=424 RW-data=12 ZI-data=1324  
FromELF: creating hex file...
"..\OBJ\SGOD(V3.0).axf" - 0 Error(s), 0 Warning(s).
Rebuild target 'Target 1'
assembling startup_stm32f40_41xxx.s...
compiling main.c...
compiling delay.c...
compiling sys.c...
compiling usart.c...
linking...
Program Size: Code=2368 RO-data=424 RW-data=12 ZI-data=1324  
FromELF: creating hex file...
"..\OBJ\SGOD(V3.0).axf" - 0 Error(s), 0 Warning(s).
Load "..\\OBJ\\SGOD(V3.0)" 
_____^
*** error 56: cannot open file
Load "..\\OBJ\\SGOD(V3.0)" 
_____^
*** error 56: cannot open file
Load "..\\OBJ\\SGOD(V3.0)" 
_____^
*** error 56: cannot open file
Load "..\\OBJ\\SGOD(V3.0)" 
_____^
*** error 56: cannot open file
Load "..\\OBJ\\SGOD(V3.0)" 
_____^
*** error 56: cannot open file
