<html>
<body>
<pre>
<h1>µVision Build Log</h1>
<h2>Project:</h2>
E:\SGOD(V3.0)\ARM\Keil(V3.0)\USER\SGOD(V3.0).uvproj
Project File Date:  01/29/2015

<h2>Output:</h2>
Rebuild target 'Target 1'
assembling startup_stm32f40_41xxx.s...
compiling main.c...
main.c(1): error:  #5: cannot open source input file "sys.h": No such file or directory
compiling delay.c...
..\SYSTEM\delay\delay.h(3): error:  #5: cannot open source input file "sys.h": No such file or directory
compiling sys.c...
..\SYSTEM\sys\stm32f4xx.h(102): error:  #35: #error directive: "Please select first the target STM32F4xx device used in your application (in stm32f4xx.h file)"
compiling usart.c...
..\SYSTEM\usart\usart.c(1): error:  #5: cannot open source input file "sys.h": No such file or directory
Target not created
Rebuild target 'Target 1'
assembling startup_stm32f40_41xxx.s...
compiling main.c...
main.c(1): error:  #5: cannot open source input file "sys.h": No such file or directory
compiling delay.c...
..\SYSTEM\delay\delay.h(3): error:  #5: cannot open source input file "sys.h": No such file or directory
compiling sys.c...
..\SYSTEM\sys\stm32f4xx.h(102): error:  #35: #error directive: "Please select first the target STM32F4xx device used in your application (in stm32f4xx.h file)"
compiling usart.c...
..\SYSTEM\usart\usart.c(1): error:  #5: cannot open source input file "sys.h": No such file or directory
Target not created
Rebuild target 'Target 1'
assembling startup_stm32f40_41xxx.s...
compiling main.c...
main.c(10): warning:  #223-D: function "LED_Init" declared implicitly
main.c(17): warning:  #1-D: last line of file ends without a newline
compiling delay.c...
compiling sys.c...
compiling usart.c...
linking...
..\OBJ\SGOD(V3.0).axf: Error: L6218E: Undefined symbol LED_Init (referred from main.o).
Target not created
Rebuild target 'Target 1'
assembling startup_stm32f40_41xxx.s...
compiling main.c...
main.c(16): warning:  #1-D: last line of file ends without a newline
compiling delay.c...
compiling sys.c...
compiling usart.c...
linking...
Program Size: Code=2368 RO-data=424 RW-data=12 ZI-data=1324  
FromELF: creating hex file...
"..\OBJ\SGOD(V3.0).axf" - 0 Error(s), 1 Warning(s).
Rebuild target 'Target 1'
assembling startup_stm32f40_41xxx.s...
compiling main.c...
compiling delay.c...
compiling sys.c...
compiling usart.c...
linking...
Program Size: Code=2368 RO-data=424 RW-data=12 ZI-data=1324  
FromELF: creating hex file...
"..\OBJ\SGOD(V3.0).axf" - 0 Error(s), 0 Warning(s).
Rebuild target 'Target 1'
assembling startup_stm32f40_41xxx.s...
compiling main.c...
compiling delay.c...
compiling sys.c...
compiling usart.c...
linking...
Program Size: Code=2368 RO-data=424 RW-data=12 ZI-data=1324  
FromELF: creating hex file...
"..\OBJ\SGOD(V3.0).axf" - 0 Error(s), 0 Warning(s).
