<html>
<body>
<pre>
<h1>礦ision Build Log</h1>
<h2>Project:</h2>
C:\Users\Administrator\Desktop\Ethernet W5500 Guidelines and Source Code(Precious)\V03.STM32 ARM源代码(ETH中断功能发布_升级版本)\USER\SGOD(V3.0).uvproj
Project File Date:  03/23/2018

<h2>Output:</h2>
Load "..\\OBJ\\SGOD.hex" 
Erase Done.
Programming Done.
Verify OK.
Rebuild target 'Target 1'
assembling startup_stm32f40_41xxx.s...
compiling main.c...
compiling delay.c...
compiling sys.c...
compiling usart.c...
compiling W5500.c...
linking...
Program Size: Code=5256 RO-data=424 RW-data=108 ZI-data=1380  
FromELF: creating hex file...
"..\OBJ\SGOD.hex" - 0 Errors, 0 Warning(s).
Load "..\\OBJ\\SGOD.hex" 
Erase Done.
Programming Done.
Verify OK.
