<html>
<body>
<pre>
<h1>µVision Build Log</h1>
<h2>Project:</h2>
E:\OTDRBodoit\V2.0\ARM_ETH\Keil(V3.0)\USER\SGOD(V3.0).uvproj
Project File Date:  03/23/2018

<h2>Output:</h2>
Rebuild target 'Target 1'
assembling startup_stm32f40_41xxx.s...
compiling main.c...
compiling delay.c...
compiling sys.c...
compiling usart.c...
compiling W5500.c...
linking...
Program Size: Code=5268 RO-data=424 RW-data=104 ZI-data=1384  
FromELF: creating hex file...
"..\OBJ\SGOD.hex" - 0 Errors, 0 Warning(s).
Load "..\\OBJ\\SGOD.hex" 
Load "..\\OBJ\\SGOD.hex" 
Erase Done.
Programming Done.
Verify OK.
Rebuild target 'Target 1'
assembling startup_stm32f40_41xxx.s...
compiling main.c...
compiling delay.c...
compiling sys.c...
compiling usart.c...
compiling W5500.c...
linking...
Program Size: Code=5268 RO-data=424 RW-data=104 ZI-data=1384  
FromELF: creating hex file...
"..\OBJ\SGOD.hex" - 0 Errors, 0 Warning(s).
Rebuild target 'Target 1'
assembling startup_stm32f40_41xxx.s...
compiling main.c...
main.c(346): warning:  #223-D: function "W5500_Send_Delay_CounterRead_W5500_1Byte" declared implicitly
main.c(349): warning:  #128-D: loop is not reachable
main.c(330): warning:  #550-D: variable "ReadData" was set but never used
compiling delay.c...
compiling sys.c...
compiling usart.c...
compiling W5500.c...
linking...
..\OBJ\SGOD.hex: Error: L6218E: Undefined symbol W5500_Send_Delay_CounterRead_W5500_1Byte (referred from main.o).
"..\OBJ\SGOD.hex" - 1 Errors, 3 Warning(s).
Target not created
Rebuild target 'Target 1'
assembling startup_stm32f40_41xxx.s...
compiling main.c...
main.c(330): warning:  #177-D: variable "ReadData" was declared but never referenced
compiling delay.c...
compiling sys.c...
compiling usart.c...
compiling W5500.c...
W5500.c(496): error:  #20: identifier "ReadData" is undefined
W5500.c(496): warning:  #223-D: function "W5500_Send_Delay_CounterRead_W5500_1Byte" declared implicitly
"..\OBJ\SGOD.hex" - 1 Errors, 2 Warning(s).
Target not created
Rebuild target 'Target 1'
assembling startup_stm32f40_41xxx.s...
compiling main.c...
main.c(330): warning:  #177-D: variable "ReadData" was declared but never referenced
compiling delay.c...
compiling sys.c...
compiling usart.c...
compiling W5500.c...
W5500.c(496): warning:  #223-D: function "W5500_Send_Delay_CounterRead_W5500_1Byte" declared implicitly
linking...
..\OBJ\SGOD.hex: Error: L6218E: Undefined symbol W5500_Send_Delay_CounterRead_W5500_1Byte (referred from w5500.o).
"..\OBJ\SGOD.hex" - 1 Errors, 2 Warning(s).
Target not created
Rebuild target 'Target 1'
assembling startup_stm32f40_41xxx.s...
compiling main.c...
main.c(330): warning:  #177-D: variable "ReadData" was declared but never referenced
compiling delay.c...
compiling sys.c...
compiling usart.c...
compiling W5500.c...
linking...
Program Size: Code=5272 RO-data=424 RW-data=104 ZI-data=1384  
FromELF: creating hex file...
"..\OBJ\SGOD.hex" - 0 Errors, 1 Warning(s).
Load "..\\OBJ\\SGOD.hex" 
Erase Done.
Programming Done.
Verify OK.
Rebuild target 'Target 1'
assembling startup_stm32f40_41xxx.s...
compiling main.c...
main.c(330): warning:  #177-D: variable "ReadData" was declared but never referenced
compiling delay.c...
compiling sys.c...
compiling usart.c...
compiling W5500.c...
linking...
Program Size: Code=5272 RO-data=424 RW-data=104 ZI-data=1384  
FromELF: creating hex file...
"..\OBJ\SGOD.hex" - 0 Errors, 1 Warning(s).
Load "..\\OBJ\\SGOD.hex" 
Erase Done.
Programming Done.
Verify OK.
Rebuild target 'Target 1'
assembling startup_stm32f40_41xxx.s...
compiling main.c...
main.c(330): warning:  #177-D: variable "ReadData" was declared but never referenced
compiling delay.c...
compiling sys.c...
compiling usart.c...
compiling W5500.c...
linking...
Program Size: Code=5272 RO-data=424 RW-data=104 ZI-data=1384  
FromELF: creating hex file...
"..\OBJ\SGOD.hex" - 0 Errors, 1 Warning(s).
Load "..\\OBJ\\SGOD.hex" 
Erase Done.
Programming Done.
Verify OK.
Rebuild target 'Target 1'
assembling startup_stm32f40_41xxx.s...
compiling main.c...
main.c(330): warning:  #177-D: variable "ReadData" was declared but never referenced
compiling delay.c...
compiling sys.c...
compiling usart.c...
compiling W5500.c...
linking...
Program Size: Code=5268 RO-data=424 RW-data=104 ZI-data=1384  
FromELF: creating hex file...
"..\OBJ\SGOD.hex" - 0 Errors, 1 Warning(s).
Rebuild target 'Target 1'
assembling startup_stm32f40_41xxx.s...
compiling main.c...
main.c(330): warning:  #177-D: variable "ReadData" was declared but never referenced
compiling delay.c...
compiling sys.c...
compiling usart.c...
compiling W5500.c...
linking...
Program Size: Code=5268 RO-data=424 RW-data=104 ZI-data=1384  
FromELF: creating hex file...
"..\OBJ\SGOD.hex" - 0 Errors, 1 Warning(s).
Rebuild target 'Target 1'
assembling startup_stm32f40_41xxx.s...
compiling main.c...
main.c(330): warning:  #177-D: variable "ReadData" was declared but never referenced
compiling delay.c...
compiling sys.c...
compiling usart.c...
compiling W5500.c...
linking...
Program Size: Code=5268 RO-data=424 RW-data=104 ZI-data=1384  
FromELF: creating hex file...
"..\OBJ\SGOD.hex" - 0 Errors, 1 Warning(s).
Load "..\\OBJ\\SGOD.hex" 
Erase Done.
Programming Done.
Verify OK.
Rebuild target 'Target 1'
assembling startup_stm32f40_41xxx.s...
compiling main.c...
main.c(330): warning:  #177-D: variable "ReadData" was declared but never referenced
compiling delay.c...
compiling sys.c...
compiling usart.c...
compiling W5500.c...
linking...
Program Size: Code=5268 RO-data=424 RW-data=104 ZI-data=1384  
FromELF: creating hex file...
"..\OBJ\SGOD.hex" - 0 Errors, 1 Warning(s).
Load "..\\OBJ\\SGOD.hex" 
Erase Done.
Programming Done.
Verify OK.
Rebuild target 'Target 1'
assembling startup_stm32f40_41xxx.s...
compiling main.c...
compiling delay.c...
compiling sys.c...
compiling usart.c...
compiling W5500.c...
linking...
Program Size: Code=5268 RO-data=424 RW-data=104 ZI-data=1384  
FromELF: creating hex file...
"..\OBJ\SGOD.hex" - 0 Errors, 0 Warning(s).
Rebuild target 'Target 1'
assembling startup_stm32f40_41xxx.s...
compiling main.c...
compiling delay.c...
compiling sys.c...
compiling usart.c...
compiling W5500.c...
linking...
Program Size: Code=5272 RO-data=424 RW-data=104 ZI-data=1384  
FromELF: creating hex file...
"..\OBJ\SGOD.hex" - 0 Errors, 0 Warning(s).
Load "..\\OBJ\\SGOD.hex" 
Erase Done.
Programming Done.
Verify OK.
Rebuild target 'Target 1'
assembling startup_stm32f40_41xxx.s...
compiling main.c...
compiling delay.c...
compiling sys.c...
compiling usart.c...
compiling W5500.c...
linking...
Program Size: Code=5272 RO-data=424 RW-data=104 ZI-data=1384  
FromELF: creating hex file...
"..\OBJ\SGOD.hex" - 0 Errors, 0 Warning(s).
Load "..\\OBJ\\SGOD.hex" 
Erase Done.
Programming Done.
Verify OK.
Rebuild target 'Target 1'
assembling startup_stm32f40_41xxx.s...
compiling main.c...
compiling delay.c...
compiling sys.c...
compiling usart.c...
compiling W5500.c...
linking...
Program Size: Code=5272 RO-data=424 RW-data=104 ZI-data=1384  
FromELF: creating hex file...
"..\OBJ\SGOD.hex" - 0 Errors, 0 Warning(s).
Load "..\\OBJ\\SGOD.hex" 
Erase Done.
Programming Done.
Verify OK.
Rebuild target 'Target 1'
assembling startup_stm32f40_41xxx.s...
compiling main.c...
compiling delay.c...
compiling sys.c...
compiling usart.c...
compiling W5500.c...
linking...
Program Size: Code=5272 RO-data=424 RW-data=104 ZI-data=1384  
FromELF: creating hex file...
"..\OBJ\SGOD.hex" - 0 Errors, 0 Warning(s).
Load "..\\OBJ\\SGOD.hex" 
Erase Done.
Programming Done.
Verify OK.
Rebuild target 'Target 1'
assembling startup_stm32f40_41xxx.s...
compiling main.c...
compiling delay.c...
compiling sys.c...
compiling usart.c...
compiling W5500.c...
linking...
Program Size: Code=5268 RO-data=424 RW-data=104 ZI-data=1384  
FromELF: creating hex file...
"..\OBJ\SGOD.hex" - 0 Errors, 0 Warning(s).
Rebuild target 'Target 1'
assembling startup_stm32f40_41xxx.s...
compiling main.c...
compiling delay.c...
compiling sys.c...
compiling usart.c...
compiling W5500.c...
linking...
Program Size: Code=5268 RO-data=424 RW-data=104 ZI-data=1384  
FromELF: creating hex file...
"..\OBJ\SGOD.hex" - 0 Errors, 0 Warning(s).
Load "..\\OBJ\\SGOD.hex" 
Erase Done.
Programming Done.
Verify OK.
Rebuild target 'Target 1'
assembling startup_stm32f40_41xxx.s...
compiling main.c...
compiling delay.c...
compiling sys.c...
compiling usart.c...
compiling W5500.c...
linking...
Program Size: Code=5268 RO-data=424 RW-data=104 ZI-data=1384  
FromELF: creating hex file...
"..\OBJ\SGOD.hex" - 0 Errors, 0 Warning(s).
Load "..\\OBJ\\SGOD.hex" 
Erase Done.
Programming Done.
Verify OK.
Rebuild target 'Target 1'
assembling startup_stm32f40_41xxx.s...
compiling main.c...
compiling delay.c...
compiling sys.c...
compiling usart.c...
compiling W5500.c...
linking...
Program Size: Code=5272 RO-data=424 RW-data=104 ZI-data=1384  
FromELF: creating hex file...
"..\OBJ\SGOD.hex" - 0 Errors, 0 Warning(s).
Rebuild target 'Target 1'
assembling startup_stm32f40_41xxx.s...
compiling main.c...
compiling delay.c...
compiling sys.c...
compiling usart.c...
compiling W5500.c...
linking...
Program Size: Code=5272 RO-data=424 RW-data=104 ZI-data=1384  
FromELF: creating hex file...
"..\OBJ\SGOD.hex" - 0 Errors, 0 Warning(s).
Load "..\\OBJ\\SGOD.hex" 
Erase Done.
Programming Done.
Verify OK.
Rebuild target 'Target 1'
assembling startup_stm32f40_41xxx.s...
compiling main.c...
compiling delay.c...
compiling sys.c...
compiling usart.c...
compiling W5500.c...
linking...
Program Size: Code=5268 RO-data=424 RW-data=104 ZI-data=1384  
FromELF: creating hex file...
"..\OBJ\SGOD.hex" - 0 Errors, 0 Warning(s).
Rebuild target 'Target 1'
assembling startup_stm32f40_41xxx.s...
compiling main.c...
compiling delay.c...
compiling sys.c...
compiling usart.c...
compiling W5500.c...
linking...
Program Size: Code=5276 RO-data=424 RW-data=104 ZI-data=1384  
FromELF: creating hex file...
"..\OBJ\SGOD.hex" - 0 Errors, 0 Warning(s).
Rebuild target 'Target 1'
assembling startup_stm32f40_41xxx.s...
compiling main.c...
compiling delay.c...
compiling sys.c...
compiling usart.c...
compiling W5500.c...
linking...
Program Size: Code=5276 RO-data=424 RW-data=104 ZI-data=1384  
FromELF: creating hex file...
"..\OBJ\SGOD.hex" - 0 Errors, 0 Warning(s).
Rebuild target 'Target 1'
assembling startup_stm32f40_41xxx.s...
compiling main.c...
compiling delay.c...
compiling sys.c...
compiling usart.c...
compiling W5500.c...
linking...
Program Size: Code=5276 RO-data=424 RW-data=104 ZI-data=1384  
FromELF: creating hex file...
"..\OBJ\SGOD.hex" - 0 Errors, 0 Warning(s).
Load "..\\OBJ\\SGOD.hex" 
Erase Done.
Programming Done.
Verify OK.
Rebuild target 'Target 1'
assembling startup_stm32f40_41xxx.s...
compiling main.c...
compiling delay.c...
compiling sys.c...
compiling usart.c...
compiling W5500.c...
linking...
Program Size: Code=5276 RO-data=424 RW-data=104 ZI-data=1384  
FromELF: creating hex file...
"..\OBJ\SGOD.hex" - 0 Errors, 0 Warning(s).
Load "..\\OBJ\\SGOD.hex" 
Erase Done.
Programming Done.
Verify OK.
Rebuild target 'Target 1'
assembling startup_stm32f40_41xxx.s...
compiling main.c...
compiling delay.c...
compiling sys.c...
compiling usart.c...
compiling W5500.c...
linking...
Program Size: Code=5272 RO-data=424 RW-data=104 ZI-data=1384  
FromELF: creating hex file...
"..\OBJ\SGOD.hex" - 0 Errors, 0 Warning(s).
Load "..\\OBJ\\SGOD.hex" 
Erase Done.
Programming Done.
Verify OK.
Rebuild target 'Target 1'
assembling startup_stm32f40_41xxx.s...
compiling main.c...
compiling delay.c...
compiling sys.c...
compiling usart.c...
compiling W5500.c...
linking...
Program Size: Code=5268 RO-data=424 RW-data=104 ZI-data=1384  
FromELF: creating hex file...
"..\OBJ\SGOD.hex" - 0 Errors, 0 Warning(s).
Load "..\\OBJ\\SGOD.hex" 
Erase Done.
Programming Done.
Verify OK.
Rebuild target 'Target 1'
assembling startup_stm32f40_41xxx.s...
compiling main.c...
compiling delay.c...
compiling sys.c...
compiling usart.c...
compiling W5500.c...
linking...
Program Size: Code=5184 RO-data=424 RW-data=104 ZI-data=1384  
FromELF: creating hex file...
"..\OBJ\SGOD.hex" - 0 Errors, 0 Warning(s).
Rebuild target 'Target 1'
assembling startup_stm32f40_41xxx.s...
compiling main.c...
compiling delay.c...
compiling sys.c...
compiling usart.c...
compiling W5500.c...
linking...
Program Size: Code=5192 RO-data=424 RW-data=104 ZI-data=1384  
FromELF: creating hex file...
"..\OBJ\SGOD.hex" - 0 Errors, 0 Warning(s).
Load "..\\OBJ\\SGOD.hex" 
Erase Done.
Programming Done.
Verify OK.
Rebuild target 'Target 1'
assembling startup_stm32f40_41xxx.s...
compiling main.c...
compiling delay.c...
compiling sys.c...
compiling usart.c...
compiling W5500.c...
linking...
Program Size: Code=5192 RO-data=424 RW-data=104 ZI-data=1384  
FromELF: creating hex file...
"..\OBJ\SGOD.hex" - 0 Errors, 0 Warning(s).
Load "..\\OBJ\\SGOD.hex" 
Erase Done.
Programming Done.
Verify OK.
Rebuild target 'Target 1'
assembling startup_stm32f40_41xxx.s...
compiling main.c...
compiling delay.c...
compiling sys.c...
compiling usart.c...
compiling W5500.c...
linking...
Program Size: Code=5268 RO-data=424 RW-data=104 ZI-data=1384  
FromELF: creating hex file...
"..\OBJ\SGOD.hex" - 0 Errors, 0 Warning(s).
Rebuild target 'Target 1'
assembling startup_stm32f40_41xxx.s...
compiling main.c...
compiling delay.c...
compiling sys.c...
compiling usart.c...
compiling W5500.c...
linking...
Program Size: Code=5268 RO-data=424 RW-data=104 ZI-data=1384  
FromELF: creating hex file...
"..\OBJ\SGOD.hex" - 0 Errors, 0 Warning(s).
Load "..\\OBJ\\SGOD.hex" 
Erase Done.
Programming Done.
Verify OK.
Rebuild target 'Target 1'
assembling startup_stm32f40_41xxx.s...
compiling main.c...
compiling delay.c...
compiling sys.c...
compiling usart.c...
compiling W5500.c...
linking...
Program Size: Code=5268 RO-data=424 RW-data=104 ZI-data=1384  
FromELF: creating hex file...
"..\OBJ\SGOD.hex" - 0 Errors, 0 Warning(s).
Load "..\\OBJ\\SGOD.hex" 
Erase Done.
Programming Done.
Verify OK.
Rebuild target 'Target 1'
assembling startup_stm32f40_41xxx.s...
compiling main.c...
compiling delay.c...
compiling sys.c...
compiling usart.c...
compiling W5500.c...
linking...
Program Size: Code=4576 RO-data=424 RW-data=104 ZI-data=1384  
FromELF: creating hex file...
"..\OBJ\SGOD.hex" - 0 Errors, 0 Warning(s).
Load "..\\OBJ\\SGOD.hex" 
Erase Done.
Programming Done.
Verify OK.
Rebuild target 'Target 1'
assembling startup_stm32f40_41xxx.s...
compiling main.c...
compiling delay.c...
compiling sys.c...
compiling usart.c...
compiling W5500.c...
linking...
Program Size: Code=5268 RO-data=424 RW-data=104 ZI-data=1384  
FromELF: creating hex file...
"..\OBJ\SGOD.hex" - 0 Errors, 0 Warning(s).
Rebuild target 'Target 1'
assembling startup_stm32f40_41xxx.s...
compiling main.c...
compiling delay.c...
compiling sys.c...
compiling usart.c...
compiling W5500.c...
linking...
Program Size: Code=5276 RO-data=424 RW-data=104 ZI-data=1384  
FromELF: creating hex file...
"..\OBJ\SGOD.hex" - 0 Errors, 0 Warning(s).
Load "..\\OBJ\\SGOD.hex" 
Erase Done.
Programming Done.
Verify OK.
Rebuild target 'Target 1'
assembling startup_stm32f40_41xxx.s...
compiling main.c...
compiling delay.c...
compiling sys.c...
compiling usart.c...
compiling W5500.c...
linking...
Program Size: Code=5276 RO-data=424 RW-data=104 ZI-data=1384  
FromELF: creating hex file...
"..\OBJ\SGOD.hex" - 0 Errors, 0 Warning(s).
Rebuild target 'Target 1'
assembling startup_stm32f40_41xxx.s...
compiling main.c...
main.c(372): warning:  #1-D: last line of file ends without a newline
compiling delay.c...
compiling sys.c...
compiling usart.c...
compiling W5500.c...
linking...
Program Size: Code=5276 RO-data=424 RW-data=104 ZI-data=1384  
FromELF: creating hex file...
"..\OBJ\SGOD.hex" - 0 Errors, 1 Warning(s).
Rebuild target 'Target 1'
assembling startup_stm32f40_41xxx.s...
compiling main.c...
main.c(331): warning:  #940-D: missing return statement at end of non-void function "Receive_ETH_Data"
main.c(329): warning:  #550-D: variable "size" was set but never used
main.c(383): warning:  #1-D: last line of file ends without a newline
compiling delay.c...
compiling sys.c...
compiling usart.c...
compiling W5500.c...
linking...
Program Size: Code=5276 RO-data=424 RW-data=104 ZI-data=1384  
FromELF: creating hex file...
"..\OBJ\SGOD.hex" - 0 Errors, 3 Warning(s).
Rebuild target 'Target 1'
assembling startup_stm32f40_41xxx.s...
compiling main.c...
main.c(331): warning:  #940-D: missing return statement at end of non-void function "Receive_ETH_Data"
main.c(329): warning:  #550-D: variable "size" was set but never used
main.c(392): warning:  #1-D: last line of file ends without a newline
compiling delay.c...
compiling sys.c...
compiling usart.c...
compiling W5500.c...
linking...
Program Size: Code=4896 RO-data=424 RW-data=104 ZI-data=1384  
FromELF: creating hex file...
"..\OBJ\SGOD.hex" - 0 Errors, 3 Warning(s).
Rebuild target 'Target 1'
assembling startup_stm32f40_41xxx.s...
compiling main.c...
main.c(393): warning:  #1-D: last line of file ends without a newline
compiling delay.c...
compiling sys.c...
compiling usart.c...
compiling W5500.c...
linking...
Program Size: Code=4900 RO-data=424 RW-data=104 ZI-data=1384  
FromELF: creating hex file...
"..\OBJ\SGOD.hex" - 0 Errors, 1 Warning(s).
Rebuild target 'Target 1'
assembling startup_stm32f40_41xxx.s...
compiling main.c...
main.c(391): warning:  #1-D: last line of file ends without a newline
compiling delay.c...
compiling sys.c...
compiling usart.c...
compiling W5500.c...
linking...
Program Size: Code=4900 RO-data=424 RW-data=104 ZI-data=1384  
FromELF: creating hex file...
"..\OBJ\SGOD.hex" - 0 Errors, 1 Warning(s).
Rebuild target 'Target 1'
assembling startup_stm32f40_41xxx.s...
compiling main.c...
main.c(391): warning:  #1-D: last line of file ends without a newline
compiling delay.c...
compiling sys.c...
compiling usart.c...
compiling W5500.c...
linking...
Program Size: Code=4900 RO-data=424 RW-data=104 ZI-data=1384  
FromELF: creating hex file...
"..\OBJ\SGOD.hex" - 0 Errors, 1 Warning(s).
Rebuild target 'Target 1'
assembling startup_stm32f40_41xxx.s...
compiling main.c...
main.c(392): warning:  #1-D: last line of file ends without a newline
compiling delay.c...
compiling sys.c...
compiling usart.c...
compiling W5500.c...
linking...
Program Size: Code=4900 RO-data=424 RW-data=104 ZI-data=1384  
FromELF: creating hex file...
"..\OBJ\SGOD.hex" - 0 Errors, 1 Warning(s).
Load "..\\OBJ\\SGOD.hex" 
Erase Done.
Programming Done.
Verify OK.
Rebuild target 'Target 1'
assembling startup_stm32f40_41xxx.s...
compiling main.c...
main.c(382): warning:  #1-D: last line of file ends without a newline
compiling delay.c...
compiling sys.c...
compiling usart.c...
compiling W5500.c...
linking...
Program Size: Code=5276 RO-data=424 RW-data=104 ZI-data=1384  
FromELF: creating hex file...
"..\OBJ\SGOD.hex" - 0 Errors, 1 Warning(s).
Rebuild target 'Target 1'
assembling startup_stm32f40_41xxx.s...
compiling main.c...
main.c(372): warning:  #1-D: last line of file ends without a newline
compiling delay.c...
compiling sys.c...
compiling usart.c...
compiling W5500.c...
linking...
Program Size: Code=5276 RO-data=424 RW-data=104 ZI-data=1384  
FromELF: creating hex file...
"..\OBJ\SGOD.hex" - 0 Errors, 1 Warning(s).
Rebuild target 'Target 1'
assembling startup_stm32f40_41xxx.s...
compiling main.c...
main.c(372): warning:  #1-D: last line of file ends without a newline
compiling delay.c...
compiling sys.c...
compiling usart.c...
compiling W5500.c...
linking...
Program Size: Code=5276 RO-data=424 RW-data=104 ZI-data=1384  
FromELF: creating hex file...
"..\OBJ\SGOD.hex" - 0 Errors, 1 Warning(s).
Rebuild target 'Target 1'
assembling startup_stm32f40_41xxx.s...
compiling main.c...
main.c(369): warning:  #1-D: last line of file ends without a newline
compiling delay.c...
compiling sys.c...
compiling usart.c...
compiling W5500.c...
linking...
Program Size: Code=5276 RO-data=424 RW-data=104 ZI-data=1384  
FromELF: creating hex file...
"..\OBJ\SGOD.hex" - 0 Errors, 1 Warning(s).
Rebuild target 'Target 1'
assembling startup_stm32f40_41xxx.s...
compiling main.c...
compiling delay.c...
compiling sys.c...
compiling usart.c...
compiling W5500.c...
linking...
Program Size: Code=5276 RO-data=424 RW-data=104 ZI-data=1384  
FromELF: creating hex file...
"..\OBJ\SGOD.hex" - 0 Errors, 0 Warning(s).
Load "..\\OBJ\\SGOD.hex" 
Erase Done.
Programming Done.
Verify OK.
Rebuild target 'Target 1'
assembling startup_stm32f40_41xxx.s...
compiling main.c...
compiling delay.c...
compiling sys.c...
compiling usart.c...
compiling W5500.c...
linking...
Program Size: Code=5264 RO-data=424 RW-data=104 ZI-data=1384  
FromELF: creating hex file...
"..\OBJ\SGOD.hex" - 0 Errors, 0 Warning(s).
Load "..\\OBJ\\SGOD.hex" 
Erase Done.
Programming Done.
Verify OK.
Rebuild target 'Target 1'
assembling startup_stm32f40_41xxx.s...
compiling main.c...
compiling delay.c...
compiling sys.c...
compiling usart.c...
compiling W5500.c...
linking...
Program Size: Code=5280 RO-data=424 RW-data=104 ZI-data=1384  
FromELF: creating hex file...
"..\OBJ\SGOD.hex" - 0 Errors, 0 Warning(s).
Load "..\\OBJ\\SGOD.hex" 
Erase Done.
Programming Done.
Verify OK.
Rebuild target 'Target 1'
assembling startup_stm32f40_41xxx.s...
compiling main.c...
compiling delay.c...
compiling sys.c...
compiling usart.c...
compiling W5500.c...
linking...
Program Size: Code=5264 RO-data=424 RW-data=104 ZI-data=1384  
FromELF: creating hex file...
"..\OBJ\SGOD.hex" - 0 Errors, 0 Warning(s).
Rebuild target 'Target 1'
assembling startup_stm32f40_41xxx.s...
compiling main.c...
main.c(345): warning:  #940-D: missing return statement at end of non-void function "Send_ETH_Data"
main.c(351): warning:  #177-D: variable "W5500_Send_Delay_Counter" was declared but never referenced
compiling delay.c...
compiling sys.c...
compiling usart.c...
compiling W5500.c...
linking...
Program Size: Code=5176 RO-data=424 RW-data=104 ZI-data=1384  
FromELF: creating hex file...
"..\OBJ\SGOD.hex" - 0 Errors, 2 Warning(s).
Rebuild target 'Target 1'
assembling startup_stm32f40_41xxx.s...
compiling main.c...
main.c(351): warning:  #177-D: variable "W5500_Send_Delay_Counter" was declared but never referenced
compiling delay.c...
compiling sys.c...
compiling usart.c...
compiling W5500.c...
linking...
Program Size: Code=5176 RO-data=424 RW-data=104 ZI-data=1384  
FromELF: creating hex file...
"..\OBJ\SGOD.hex" - 0 Errors, 1 Warning(s).
Rebuild target 'Target 1'
assembling startup_stm32f40_41xxx.s...
compiling main.c...
compiling delay.c...
compiling sys.c...
compiling usart.c...
compiling W5500.c...
linking...
Program Size: Code=4948 RO-data=424 RW-data=104 ZI-data=1384  
FromELF: creating hex file...
"..\OBJ\SGOD.hex" - 0 Errors, 0 Warning(s).
Rebuild target 'Target 1'
assembling startup_stm32f40_41xxx.s...
compiling main.c...
compiling delay.c...
compiling sys.c...
compiling usart.c...
compiling W5500.c...
linking...
Program Size: Code=4948 RO-data=424 RW-data=104 ZI-data=1384  
FromELF: creating hex file...
"..\OBJ\SGOD.hex" - 0 Errors, 0 Warning(s).
Load "..\\OBJ\\SGOD.hex" 
Erase Done.
Programming Done.
Verify OK.
Rebuild target 'Target 1'
assembling startup_stm32f40_41xxx.s...
compiling main.c...
compiling delay.c...
compiling sys.c...
compiling usart.c...
compiling W5500.c...
linking...
Program Size: Code=4976 RO-data=424 RW-data=104 ZI-data=1384  
FromELF: creating hex file...
"..\OBJ\SGOD.hex" - 0 Errors, 0 Warning(s).
Load "..\\OBJ\\SGOD.hex" 
Erase Done.
Programming Done.
Verify OK.
Rebuild target 'Target 1'
assembling startup_stm32f40_41xxx.s...
compiling main.c...
compiling delay.c...
compiling sys.c...
compiling usart.c...
compiling W5500.c...
linking...
Program Size: Code=4968 RO-data=424 RW-data=104 ZI-data=1384  
FromELF: creating hex file...
"..\OBJ\SGOD.hex" - 0 Errors, 0 Warning(s).
Rebuild target 'Target 1'
assembling startup_stm32f40_41xxx.s...
compiling main.c...
compiling delay.c...
compiling sys.c...
compiling usart.c...
compiling W5500.c...
linking...
Program Size: Code=4968 RO-data=424 RW-data=104 ZI-data=1384  
FromELF: creating hex file...
"..\OBJ\SGOD.hex" - 0 Errors, 0 Warning(s).
Rebuild target 'Target 1'
assembling startup_stm32f40_41xxx.s...
compiling main.c...
compiling delay.c...
compiling sys.c...
compiling usart.c...
compiling W5500.c...
linking...
Program Size: Code=4972 RO-data=424 RW-data=104 ZI-data=1384  
FromELF: creating hex file...
"..\OBJ\SGOD.hex" - 0 Errors, 0 Warning(s).
Rebuild target 'Target 1'
assembling startup_stm32f40_41xxx.s...
compiling main.c...
compiling delay.c...
compiling sys.c...
compiling usart.c...
compiling W5500.c...
linking...
Program Size: Code=4984 RO-data=424 RW-data=104 ZI-data=1384  
FromELF: creating hex file...
"..\OBJ\SGOD.hex" - 0 Errors, 0 Warning(s).
Load "..\\OBJ\\SGOD.hex" 
Erase Done.
Programming Done.
Verify OK.
Rebuild target 'Target 1'
assembling startup_stm32f40_41xxx.s...
compiling main.c...
compiling delay.c...
compiling sys.c...
compiling usart.c...
compiling W5500.c...
linking...
Program Size: Code=4984 RO-data=424 RW-data=104 ZI-data=1384  
FromELF: creating hex file...
"..\OBJ\SGOD.hex" - 0 Errors, 0 Warning(s).
Load "..\\OBJ\\SGOD.hex" 
Erase Done.
Programming Done.
Verify OK.
Rebuild target 'Target 1'
assembling startup_stm32f40_41xxx.s...
compiling main.c...
compiling delay.c...
compiling sys.c...
compiling usart.c...
compiling W5500.c...
linking...
Program Size: Code=4984 RO-data=424 RW-data=104 ZI-data=1384  
FromELF: creating hex file...
"..\OBJ\SGOD.hex" - 0 Errors, 0 Warning(s).
Load "..\\OBJ\\SGOD.hex" 
Erase Done.
Programming Done.
Verify OK.
Rebuild target 'Target 1'
assembling startup_stm32f40_41xxx.s...
compiling main.c...
compiling delay.c...
compiling sys.c...
compiling usart.c...
compiling W5500.c...
linking...
Program Size: Code=4984 RO-data=424 RW-data=104 ZI-data=1384  
FromELF: creating hex file...
"..\OBJ\SGOD.hex" - 0 Errors, 0 Warning(s).
Load "..\\OBJ\\SGOD.hex" 
Erase Done.
Programming Done.
Verify OK.
Rebuild target 'Target 1'
assembling startup_stm32f40_41xxx.s...
compiling main.c...
compiling delay.c...
compiling sys.c...
compiling usart.c...
compiling W5500.c...
linking...
Program Size: Code=4992 RO-data=424 RW-data=104 ZI-data=1384  
FromELF: creating hex file...
"..\OBJ\SGOD.hex" - 0 Errors, 0 Warning(s).
Rebuild target 'Target 1'
assembling startup_stm32f40_41xxx.s...
compiling main.c...
compiling delay.c...
compiling sys.c...
compiling usart.c...
compiling W5500.c...
linking...
Program Size: Code=4996 RO-data=424 RW-data=104 ZI-data=1384  
FromELF: creating hex file...
"..\OBJ\SGOD.hex" - 0 Errors, 0 Warning(s).
Load "..\\OBJ\\SGOD.hex" 
Erase Done.
Programming Done.
Verify OK.
Rebuild target 'Target 1'
assembling startup_stm32f40_41xxx.s...
compiling main.c...
compiling delay.c...
compiling sys.c...
compiling usart.c...
compiling W5500.c...
linking...
Program Size: Code=4996 RO-data=424 RW-data=104 ZI-data=1384  
FromELF: creating hex file...
"..\OBJ\SGOD.hex" - 0 Errors, 0 Warning(s).
Load "..\\OBJ\\SGOD.hex" 
Erase Done.
Programming Done.
Verify OK.
Rebuild target 'Target 1'
assembling startup_stm32f40_41xxx.s...
compiling main.c...
compiling delay.c...
compiling sys.c...
compiling usart.c...
compiling W5500.c...
linking...
Program Size: Code=5016 RO-data=424 RW-data=104 ZI-data=1384  
FromELF: creating hex file...
"..\OBJ\SGOD.hex" - 0 Errors, 0 Warning(s).
Load "..\\OBJ\\SGOD.hex" 
Erase Done.
Programming Done.
Verify OK.
Rebuild target 'Target 1'
assembling startup_stm32f40_41xxx.s...
compiling main.c...
compiling delay.c...
compiling sys.c...
compiling usart.c...
compiling W5500.c...
linking...
Program Size: Code=5016 RO-data=424 RW-data=104 ZI-data=1384  
FromELF: creating hex file...
"..\OBJ\SGOD.hex" - 0 Errors, 0 Warning(s).
Load "..\\OBJ\\SGOD.hex" 
Erase Done.
Programming Done.
Verify OK.
Rebuild target 'Target 1'
assembling startup_stm32f40_41xxx.s...
compiling main.c...
main.c(355): error:  #144: a value of type "char [14]" cannot be used to initialize an entity of type "unsigned char [12]"
compiling delay.c...
compiling sys.c...
compiling usart.c...
compiling W5500.c...
"..\OBJ\SGOD.hex" - 1 Errors, 0 Warning(s).
Target not created
Load "..\\OBJ\\SGOD.hex" 
_____^
*** error 56: cannot open file
Load "..\\OBJ\\SGOD.hex" 
_____^
*** error 56: cannot open file
Rebuild target 'Target 1'
assembling startup_stm32f40_41xxx.s...
compiling main.c...
compiling delay.c...
compiling sys.c...
compiling usart.c...
compiling W5500.c...
linking...
Program Size: Code=5016 RO-data=424 RW-data=104 ZI-data=1384  
FromELF: creating hex file...
"..\OBJ\SGOD.hex" - 0 Errors, 0 Warning(s).
Load "..\\OBJ\\SGOD.hex" 
Erase Done.
Programming Done.
Verify OK.
Rebuild target 'Target 1'
assembling startup_stm32f40_41xxx.s...
compiling main.c...
compiling delay.c...
compiling sys.c...
compiling usart.c...
compiling W5500.c...
linking...
Program Size: Code=4996 RO-data=424 RW-data=104 ZI-data=1384  
FromELF: creating hex file...
"..\OBJ\SGOD.hex" - 0 Errors, 0 Warning(s).
Load "..\\OBJ\\SGOD.hex" 
Erase Done.
Programming Done.
Verify OK.
Rebuild target 'Target 1'
assembling startup_stm32f40_41xxx.s...
compiling main.c...
main.c(355): error:  #144: a value of type "char [13]" cannot be used to initialize an entity of type "unsigned char [11]"
main.c(357): error:  #65: expected a ";"
compiling delay.c...
compiling sys.c...
compiling usart.c...
compiling W5500.c...
"..\OBJ\SGOD.hex" - 2 Errors, 0 Warning(s).
Target not created
Rebuild target 'Target 1'
assembling startup_stm32f40_41xxx.s...
compiling main.c...
main.c(355): error:  #144: a value of type "char [14]" cannot be used to initialize an entity of type "unsigned char [11]"
main.c(357): error:  #65: expected a ";"
compiling delay.c...
compiling sys.c...
compiling usart.c...
compiling W5500.c...
"..\OBJ\SGOD.hex" - 2 Errors, 0 Warning(s).
Target not created
Rebuild target 'Target 1'
assembling startup_stm32f40_41xxx.s...
compiling main.c...
main.c(357): error:  #65: expected a ";"
compiling delay.c...
compiling sys.c...
compiling usart.c...
compiling W5500.c...
"..\OBJ\SGOD.hex" - 1 Errors, 0 Warning(s).
Target not created
Rebuild target 'Target 1'
assembling startup_stm32f40_41xxx.s...
compiling main.c...
compiling delay.c...
compiling sys.c...
compiling usart.c...
compiling W5500.c...
linking...
Program Size: Code=5016 RO-data=424 RW-data=104 ZI-data=1384  
FromELF: creating hex file...
"..\OBJ\SGOD.hex" - 0 Errors, 0 Warning(s).
Rebuild target 'Target 1'
assembling startup_stm32f40_41xxx.s...
compiling main.c...
compiling delay.c...
compiling sys.c...
compiling usart.c...
compiling W5500.c...
linking...
Program Size: Code=5016 RO-data=424 RW-data=104 ZI-data=1384  
FromELF: creating hex file...
"..\OBJ\SGOD.hex" - 0 Errors, 0 Warning(s).
Rebuild target 'Target 1'
assembling startup_stm32f40_41xxx.s...
compiling main.c...
compiling delay.c...
compiling sys.c...
compiling usart.c...
compiling W5500.c...
linking...
Program Size: Code=5016 RO-data=424 RW-data=104 ZI-data=1384  
FromELF: creating hex file...
"..\OBJ\SGOD.hex" - 0 Errors, 0 Warning(s).
Load "..\\OBJ\\SGOD.hex" 
Erase Done.
Programming Done.
Verify OK.
Rebuild target 'Target 1'
assembling startup_stm32f40_41xxx.s...
compiling main.c...
compiling delay.c...
compiling sys.c...
compiling usart.c...
compiling W5500.c...
linking...
Program Size: Code=5008 RO-data=424 RW-data=104 ZI-data=1384  
FromELF: creating hex file...
"..\OBJ\SGOD.hex" - 0 Errors, 0 Warning(s).
Load "..\\OBJ\\SGOD.hex" 
Erase Done.
Programming Done.
Verify OK.
Rebuild target 'Target 1'
assembling startup_stm32f40_41xxx.s...
compiling main.c...
compiling delay.c...
compiling sys.c...
compiling usart.c...
compiling W5500.c...
linking...
Program Size: Code=5016 RO-data=424 RW-data=104 ZI-data=1384  
FromELF: creating hex file...
"..\OBJ\SGOD.hex" - 0 Errors, 0 Warning(s).
Load "..\\OBJ\\SGOD.hex" 
Erase Done.
Programming Done.
Verify OK.
Rebuild target 'Target 1'
assembling startup_stm32f40_41xxx.s...
compiling main.c...
compiling delay.c...
compiling sys.c...
compiling usart.c...
compiling W5500.c...
linking...
Program Size: Code=5024 RO-data=424 RW-data=104 ZI-data=1384  
FromELF: creating hex file...
"..\OBJ\SGOD.hex" - 0 Errors, 0 Warning(s).
Load "..\\OBJ\\SGOD.hex" 
Erase Done.
Programming Done.
Verify OK.
Rebuild target 'Target 1'
assembling startup_stm32f40_41xxx.s...
compiling main.c...
compiling delay.c...
compiling sys.c...
compiling usart.c...
compiling W5500.c...
linking...
Program Size: Code=5016 RO-data=424 RW-data=104 ZI-data=1384  
FromELF: creating hex file...
"..\OBJ\SGOD.hex" - 0 Errors, 0 Warning(s).
Load "..\\OBJ\\SGOD.hex" 
Erase Done.
Programming Done.
Verify OK.
Rebuild target 'Target 1'
assembling startup_stm32f40_41xxx.s...
compiling main.c...
compiling delay.c...
compiling sys.c...
compiling usart.c...
compiling W5500.c...
linking...
Program Size: Code=5024 RO-data=424 RW-data=104 ZI-data=1384  
FromELF: creating hex file...
"..\OBJ\SGOD.hex" - 0 Errors, 0 Warning(s).
Load "..\\OBJ\\SGOD.hex" 
Erase Done.
Programming Done.
Verify OK.
Rebuild target 'Target 1'
assembling startup_stm32f40_41xxx.s...
compiling main.c...
main.c(356): warning:  #550-D: variable "MyInformation" was set but never used
compiling delay.c...
compiling sys.c...
compiling usart.c...
compiling W5500.c...
linking...
Program Size: Code=4996 RO-data=424 RW-data=104 ZI-data=1384  
FromELF: creating hex file...
"..\OBJ\SGOD.hex" - 0 Errors, 1 Warning(s).
Load "..\\OBJ\\SGOD.hex" 
Erase Done.
Programming Done.
Verify OK.
